Component: ARM Compiler 5.06 update 7 (build 960) Tool: armlink [4d3601]

==============================================================================

Section Cross References

    delay.o(i.Fn_DELAY_Init) refers to delay.o(.data) for fac_us
    delay.o(i.Fn_DELAY_ms) refers to delay.o(.data) for fac_ms
    delay.o(i.Fn_DELAY_us) refers to delay.o(.data) for fac_us
    main.o(i.ADC_Inits) refers to stm32f10x_rcc.o(i.RCC_ADCCLKConfig) for RCC_ADCCLKConfig
    main.o(i.ADC_Inits) refers to stm32f10x_rcc.o(i.RCC_APB2PeriphClockCmd) for RCC_APB2PeriphClockCmd
    main.o(i.ADC_Inits) refers to stm32f10x_gpio.o(i.GPIO_Init) for GPIO_Init
    main.o(i.ADC_Inits) refers to stm32f10x_adc.o(i.ADC_Init) for ADC_Init
    main.o(i.ADC_Inits) refers to stm32f10x_adc.o(i.ADC_InjectedSequencerLengthConfig) for ADC_InjectedSequencerLengthConfig
    main.o(i.ADC_Inits) refers to stm32f10x_adc.o(i.ADC_InjectedChannelConfig) for ADC_InjectedChannelConfig
    main.o(i.ADC_Inits) refers to stm32f10x_adc.o(i.ADC_ExternalTrigInjectedConvConfig) for ADC_ExternalTrigInjectedConvConfig
    main.o(i.ADC_Inits) refers to stm32f10x_adc.o(i.ADC_Cmd) for ADC_Cmd
    main.o(i.ADC_Inits) refers to stm32f10x_adc.o(i.ADC_ResetCalibration) for ADC_ResetCalibration
    main.o(i.ADC_Inits) refers to stm32f10x_adc.o(i.ADC_GetResetCalibrationStatus) for ADC_GetResetCalibrationStatus
    main.o(i.ADC_Inits) refers to stm32f10x_adc.o(i.ADC_StartCalibration) for ADC_StartCalibration
    main.o(i.ADC_Inits) refers to stm32f10x_adc.o(i.ADC_GetCalibrationStatus) for ADC_GetCalibrationStatus
    main.o(i.ADC_Inits) refers to stm32f10x_adc.o(i.ADC_AutoInjectedConvCmd) for ADC_AutoInjectedConvCmd
    main.o(i.ADC_Inits) refers to stm32f10x_adc.o(i.ADC_SoftwareStartInjectedConvCmd) for ADC_SoftwareStartInjectedConvCmd
    main.o(i.Relay_Inits) refers to stm32f10x_rcc.o(i.RCC_APB2PeriphClockCmd) for RCC_APB2PeriphClockCmd
    main.o(i.Relay_Inits) refers to stm32f10x_gpio.o(i.GPIO_Init) for GPIO_Init
    main.o(i.Relay_Inits) refers to stm32f10x_gpio.o(i.GPIO_WriteBit) for GPIO_WriteBit
    main.o(i.SYS_Init) refers to system_stm32f10x.o(i.SystemInit) for SystemInit
    main.o(i.SYS_Init) refers to system_stm32f10x.o(i.SystemCoreClockUpdate) for SystemCoreClockUpdate
    main.o(i.SYS_Init) refers to delay.o(i.Fn_DELAY_Init) for Fn_DELAY_Init
    main.o(i.SYS_Init) refers to uart.o(i.INIT_UART_1) for INIT_UART_1
    main.o(i.SYS_Init) refers to uart.o(i.INIT_UART_2) for INIT_UART_2
    main.o(i.SYS_Init) refers to dht11.o(i.DHT11_Init) for DHT11_Init
    main.o(i.SYS_Init) refers to main.o(i.ADC_Inits) for ADC_Inits
    main.o(i.SYS_Init) refers to main.o(i.Relay_Inits) for Relay_Inits
    main.o(i.TaskGetControl) refers to uart.o(i.UART1_SendString) for UART1_SendString
    main.o(i.TaskGetControl) refers to stm32f10x_gpio.o(i.GPIO_WriteBit) for GPIO_WriteBit
    main.o(i.TaskGetControl) refers to tasks.o(i.vTaskDelay) for vTaskDelay
    main.o(i.TaskGetControl) refers to uart.o(.data) for Flag2_Receive
    main.o(i.TaskGetControl) refers to uart.o(.bss) for Array2_Receive
    main.o(i.TaskReadSensor) refers to dht11.o(i.DHT11_Read_Data) for DHT11_Read_Data
    main.o(i.TaskReadSensor) refers to dht11.o(i.DHT11_ReadTemp) for DHT11_ReadTemp
    main.o(i.TaskReadSensor) refers to dht11.o(i.DHT11_ReadHumi) for DHT11_ReadHumi
    main.o(i.TaskReadSensor) refers to stm32f10x_adc.o(i.ADC_GetInjectedConversionValue) for ADC_GetInjectedConversionValue
    main.o(i.TaskReadSensor) refers to main.o(i.map) for map
    main.o(i.TaskReadSensor) refers to queue.o(i.xQueueGenericSend) for xQueueGenericSend
    main.o(i.TaskReadSensor) refers to tasks.o(i.vTaskDelay) for vTaskDelay
    main.o(i.TaskReadSensor) refers to main.o(.data) for xQueue
    main.o(i.TaskSendSensor) refers to _printf_percent.o(.ARM.Collect$$_printf_percent$$00000000) for _printf_percent
    main.o(i.TaskSendSensor) refers to _printf_d.o(.ARM.Collect$$_printf_percent$$00000009) for _printf_d
    main.o(i.TaskSendSensor) refers to _printf_dec.o(.text) for _printf_int_dec
    main.o(i.TaskSendSensor) refers to queue.o(i.xQueueReceive) for xQueueReceive
    main.o(i.TaskSendSensor) refers to noretval__2sprintf.o(.text) for __2sprintf
    main.o(i.TaskSendSensor) refers to uart.o(i.UART2_SendString) for UART2_SendString
    main.o(i.TaskSendSensor) refers to tasks.o(i.vTaskDelay) for vTaskDelay
    main.o(i.TaskSendSensor) refers to main.o(.data) for xQueue
    main.o(i.main) refers to queue.o(i.xQueueGenericCreate) for xQueueGenericCreate
    main.o(i.main) refers to main.o(i.SYS_Init) for SYS_Init
    main.o(i.main) refers to tasks.o(i.xTaskCreate) for xTaskCreate
    main.o(i.main) refers to tasks.o(i.vTaskStartScheduler) for vTaskStartScheduler
    main.o(i.main) refers to main.o(.data) for xQueue
    main.o(i.main) refers to main.o(i.TaskReadSensor) for TaskReadSensor
    main.o(i.main) refers to main.o(i.TaskSendSensor) for TaskSendSensor
[...]
    RTE\Device\STM32F103C8\system_stm32f10x.c 0x00000000   Number         0  system_stm32f10x.o ABSOLUTE
    RTE\\Device\\STM32F103C8\\system_stm32f10x.c 0x00000000   Number         0  system_stm32f10x.o ABSOLUTE
    dc.s                                     0x00000000   Number         0  dc.o ABSOLUTE
    RESET                                    0x08000000   Section      236  startup_stm32f10x_md.o(RESET)
    !!!main                                  0x080000ec   Section        8  __main.o(!!!main)
    !!!scatter                               0x080000f4   Section       52  __scatter.o(!!!scatter)
    !!handler_copy                           0x08000128   Section       26  __scatter_copy.o(!!handler_copy)
    !!handler_zi                             0x08000144   Section       28  __scatter_zi.o(!!handler_zi)
    .ARM.Collect$$_printf_percent$$00000000  0x08000160   Section        0  _printf_percent.o(.ARM.Collect$$_printf_percent$$00000000)
    .ARM.Collect$$_printf_percent$$00000009  0x08000160   Section        6  _printf_d.o(.ARM.Collect$$_printf_percent$$00000009)
    .ARM.Collect$$_printf_percent$$00000017  0x08000166   Section        4  _printf_percent_end.o(.ARM.Collect$$_printf_percent$$00000017)
    .ARM.Collect$$libinit$$00000000          0x0800016a   Section        2  libinit.o(.ARM.Collect$$libinit$$00000000)
    .ARM.Collect$$libinit$$00000002          0x0800016c   Section        0  libinit2.o(.ARM.Collect$$libinit$$00000002)
    .ARM.Collect$$libinit$$00000004          0x0800016c   Section        0  libinit2.o(.ARM.Collect$$libinit$$00000004)
    .ARM.Collect$$libinit$$0000000A          0x0800016c   Section        0  libinit2.o(.ARM.Collect$$libinit$$0000000A)
    .ARM.Collect$$libinit$$0000000C          0x0800016c   Section        0  libinit2.o(.ARM.Collect$$libinit$$0000000C)
    .ARM.Collect$$libinit$$0000000E          0x0800016c   Section        0  libinit2.o(.ARM.Collect$$libinit$$0000000E)
    .ARM.Collect$$libinit$$00000011          0x0800016c   Section        0  libinit2.o(.ARM.Collect$$libinit$$00000011)
    .ARM.Collect$$libinit$$00000013          0x0800016c   Section        0  libinit2.o(.ARM.Collect$$libinit$$00000013)
    .ARM.Collect$$libinit$$00000015          0x0800016c   Section        0  libinit2.o(.ARM.Collect$$libinit$$00000015)
    .ARM.Collect$$libinit$$00000017          0x0800016c   Section        0  libinit2.o(.ARM.Collect$$libinit$$00000017)
    .ARM.Collect$$libinit$$00000019          0x0800016c   Section        0  libinit2.o(.ARM.Collect$$libinit$$00000019)
    .ARM.Collect$$libinit$$0000001B          0x0800016c   Section        0  libinit2.o(.ARM.Collect$$libinit$$0000001B)
    .ARM.Collect$$libinit$$0000001D          0x0800016c   Section        0  libinit2.o(.ARM.Collect$$libinit$$0000001D)
    .ARM.Collect$$libinit$$0000001F          0x0800016c   Section        0  libinit2.o(.ARM.Collect$$libinit$$0000001F)
    .ARM.Collect$$libinit$$00000021          0x0800016c   Section        0  libinit2.o(.ARM.Collect$$libinit$$00000021)
    .ARM.Collect$$libinit$$00000023          0x0800016c   Section        0  libinit2.o(.ARM.Collect$$libinit$$00000023)
    .ARM.Collect$$libinit$$00000025          0x0800016c   Section        0  libinit2.o(.ARM.Collect$$libinit$$00000025)
    .ARM.Collect$$libinit$$0000002C          0x0800016c   Section        0  libinit2.o(.ARM.Collect$$libinit$$0000002C)
    .ARM.Collect$$libinit$$0000002E          0x0800016c   Section        0  libinit2.o(.ARM.Collect$$libinit$$0000002E)
    .ARM.Collect$$libinit$$00000030          0x0800016c   Section        0  libinit2.o(.ARM.Collect$$libinit$$00000030)
    .ARM.Collect$$libinit$$00000032          0x0800016c   Section        0  libinit2.o(.ARM.Collect$$libinit$$00000032)
    .ARM.Collect$$libinit$$00000033          0x0800016c   Section        2  libinit2.o(.ARM.Collect$$libinit$$00000033)
    .ARM.Collect$$libshutdown$$00000000      0x0800016e   Section        2  libshutdown.o(.ARM.Collect$$libshutdown$$00000000)
    .ARM.Collect$$libshutdown$$00000002      0x08000170   Section        0  libshutdown2.o(.ARM.Collect$$libshutdown$$00000002)
    .ARM.Collect$$libshutdown$$00000004      0x08000170   Section        0  libshutdown2.o(.ARM.Collect$$libshutdown$$00000004)
    .ARM.Collect$$libshutdown$$00000006      0x08000170   Section        0  libshutdown2.o(.ARM.Collect$$libshutdown$$00000006)
    .ARM.Collect$$libshutdown$$00000009      0x08000170   Section        0  libshutdown2.o(.ARM.Collect$$libshutdown$$00000009)
    .ARM.Collect$$libshutdown$$0000000C      0x08000170   Section        0  libshutdown2.o(.ARM.Collect$$libshutdown$$0000000C)
    .ARM.Collect$$libshutdown$$0000000E      0x08000170   Section        0  libshutdown2.o(.ARM.Collect$$libshutdown$$0000000E)
    .ARM.Collect$$libshutdown$$00000011      0x08000170   Section        0  libshutdown2.o(.ARM.Collect$$libshutdown$$00000011)
    .ARM.Collect$$libshutdown$$00000012      0x08000170   Section        2  libshutdown2.o(.ARM.Collect$$libshutdown$$00000012)
    .ARM.Collect$$rtentry$$00000000          0x08000172   Section        0  __rtentry.o(.ARM.Collect$$rtentry$$00000000)
    .ARM.Collect$$rtentry$$00000002          0x08000172   Section        0  __rtentry2.o(.ARM.Collect$$rtentry$$00000002)
    .ARM.Collect$$rtentry$$00000004          0x08000172   Section        6  __rtentry4.o(.ARM.Collect$$rtentry$$00000004)
    .ARM.Collect$$rtentry$$00000008          0x08000178   Section        8  __rtentry2.o(.ARM.Collect$$rtentry$$00000008)
    .ARM.Collect$$rtentry$$0000000A          0x08000180   Section        4  __rtentry2.o(.ARM.Collect$$rtentry$$0000000A)
    .ARM.Collect$$rtentry$$0000000C          0x08000184   Section        0  __rtentry2.o(.ARM.Collect$$rtentry$$0000000C)
    .ARM.Collect$$rtentry$$0000000D          0x08000184   Section        8  __rtentry2.o(.ARM.Collect$$rtentry$$0000000D)
    .ARM.Collect$$rtexit$$00000000           0x0800018c   Section        2  rtexit.o(.ARM.Collect$$rtexit$$00000000)
    .ARM.Collect$$rtexit$$00000002           0x0800018e   Section        0  rtexit2.o(.ARM.Collect$$rtexit$$00000002)
    .ARM.Collect$$rtexit$$00000003           0x0800018e   Section        4  rtexit2.o(.ARM.Collect$$rtexit$$00000003)
    .ARM.Collect$$rtexit$$00000004           0x08000192   Section        6  rtexit2.o(.ARM.Collect$$rtexit$$00000004)
    .emb_text                                0x08000198   Section      150  port.o(.emb_text)
    .text                                    0x08000230   Section       64  startup_stm32f10x_md.o(.text)
    .text                                    0x08000270   Section        0  noretval__2sprintf.o(.text)
    .text                                    0x08000298   Section        0  __printf.o(.text)
    .text                                    0x08000300   Section        0  _printf_dec.o(.text)
    .text                                    0x08000378   Section      138  rt_memcpy_v6.o(.text)
    .text                                    0x08000402   Section       16  aeabi_memset.o(.text)
    .text                                    0x08000412   Section        0  heapauxi.o(.text)
    .text                                    0x08000418   Section        0  _printf_intcommon.o(.text)
    .text                                    0x080004cc   Section        0  _printf_char_common.o(.text)
    _printf_input_char                       0x080004cd   Thumb Code    10  _printf_char_common.o(.text)
    .text                                    0x080004fc   Section        0  _sputc.o(.text)
    .text                                    0x08000506   Section      100  rt_memcpy_w.o(.text)
    .text                                    0x0800056a   Section       68  rt_memclr.o(.text)
    .text                                    0x080005ae   Section       78  rt_memclr_w.o(.text)
    .text                                    0x080005fc   Section       74  sys_stackheap_outer.o(.text)
    .text                                    0x08000646   Section        0  exit.o(.text)
    .text                                    0x08000658   Section        8  libspace.o(.text)
    .text                                    0x08000660   Section        0  sys_exit.o(.text)
    .text                                    0x0800066c   Section        2  use_no_semi.o(.text)
    .text                                    0x0800066e   Section        0  indicate_semi.o(.text)
    i.ADC_AutoInjectedConvCmd                0x0800066e   Section        0  stm32f10x_adc.o(i.ADC_AutoInjectedConvCmd)
    i.ADC_Cmd                                0x08000684   Section        0  stm32f10x_adc.o(i.ADC_Cmd)
    i.ADC_ExternalTrigInjectedConvConfig     0x0800069a   Section        0  stm32f10x_adc.o(i.ADC_ExternalTrigInjectedConvConfig)
    i.ADC_GetCalibrationStatus               0x080006aa   Section        0  stm32f10x_adc.o(i.ADC_GetCalibrationStatus)
    i.ADC_GetInjectedConversionValue         0x080006be   Section        0  stm32f10x_adc.o(i.ADC_GetInjectedConversionValue)
    i.ADC_GetResetCalibrationStatus          0x080006da   Section        0  stm32f10x_adc.o(i.ADC_GetResetCalibrationStatus)
    i.ADC_Init                               0x080006f0   Section        0  stm32f10x_adc.o(i.ADC_Init)
    i.ADC_Inits                              0x08000740   Section        0  main.o(i.ADC_Inits)
    i.ADC_InjectedChannelConfig              0x0800080c   Section        0  stm32f10x_adc.o(i.ADC_InjectedChannelConfig)
    i.ADC_InjectedSequencerLengthConfig      0x0800088e   Section        0  stm32f10x_adc.o(i.ADC_InjectedSequencerLengthConfig)
    i.ADC_ResetCalibration                   0x080008a6   Section        0  stm32f10x_adc.o(i.ADC_ResetCalibration)
    i.ADC_SoftwareStartInjectedConvCmd       0x080008b0   Section        0  stm32f10x_adc.o(i.ADC_SoftwareStartInjectedConvCmd)
    i.ADC_StartCalibration                   0x080008c6   Section        0  stm32f10x_adc.o(i.ADC_StartCalibration)
    i.DHT11_Check                            0x080008d0   Section        0  dht11.o(i.DHT11_Check)
    i.DHT11_Init                             0x0800093c   Section        0  dht11.o(i.DHT11_Init)
    i.DHT11_ReadHumi                         0x08000978   Section        0  dht11.o(i.DHT11_ReadHumi)
    i.DHT11_ReadTemp                         0x08000984   Section        0  dht11.o(i.DHT11_ReadTemp)
    i.DHT11_Read_Bit                         0x08000990   Section        0  dht11.o(i.DHT11_Read_Bit)
    i.DHT11_Read_Byte                        0x080009e8   Section        0  dht11.o(i.DHT11_Read_Byte)
    i.DHT11_Read_Data                        0x08000a08   Section        0  dht11.o(i.DHT11_Read_Data)
    i.DHT11_Rst                              0x08000a6c   Section        0  dht11.o(i.DHT11_Rst)
    i.Delayms                                0x08000aa8   Section        0  dht11.o(i.Delayms)
    i.Delayus                                0x08000ac6   Section        0  dht11.o(i.Delayus)
    i.Fn_DELAY_Init                          0x08000ae0   Section        0  delay.o(i.Fn_DELAY_Init)
    i.GPIO_Init                              0x08000b20   Section        0  stm32f10x_gpio.o(i.GPIO_Init)
    i.GPIO_WriteBit                          0x08000c36   Section        0  stm32f10x_gpio.o(i.GPIO_WriteBit)
    i.INIT_UART_1                            0x08000c40   Section        0  uart.o(i.INIT_UART_1)
    i.INIT_UART_2                            0x08000cb8   Section        0  uart.o(i.INIT_UART_2)
    i.RCC_ADCCLKConfig                       0x08000d30   Section        0  stm32f10x_rcc.o(i.RCC_ADCCLKConfig)
    i.RCC_APB2PeriphClockCmd                 0x08000d48   Section        0  stm32f10x_rcc.o(i.RCC_APB2PeriphClockCmd)
    i.Relay_Inits                            0x08000d68   Section        0  main.o(i.Relay_Inits)
    i.SYS_Init                               0x08000da8   Section        0  main.o(i.SYS_Init)
    i.SetSysClock                            0x08000dd6   Section        0  system_stm32f10x.o(i.SetSysClock)
    SetSysClock                              0x08000dd7   Thumb Code     8  system_stm32f10x.o(i.SetSysClock)
    i.SetSysClockTo72                        0x08000de0   Section        0  system_stm32f10x.o(i.SetSysClockTo72)
    SetSysClockTo72                          0x08000de1   Thumb Code   214  system_stm32f10x.o(i.SetSysClockTo72)
    i.SysTick_Handler                        0x08000ec0   Section        0  cmsis_os2.o(i.SysTick_Handler)
    i.SystemCoreClockUpdate                  0x08000ed8   Section        0  system_stm32f10x.o(i.SystemCoreClockUpdate)
    i.SystemInit                             0x08000f7c   Section        0  system_stm32f10x.o(i.SystemInit)
    i.TaskGetControl                         0x08000fdc   Section        0  main.o(i.TaskGetControl)
    i.TaskReadSensor                         0x080010a0   Section        0  main.o(i.TaskReadSensor)
    i.TaskSendSensor                         0x0800117c   Section        0  main.o(i.TaskSendSensor)
    i.UART1_SendChar                         0x080011d0   Section        0  uart.o(i.UART1_SendChar)
    i.UART1_SendString                       0x080011ec   Section        0  uart.o(i.UART1_SendString)
    i.UART2_SendChar                         0x08001204   Section        0  uart.o(i.UART2_SendChar)
    i.UART2_SendString                       0x08001224   Section        0  uart.o(i.UART2_SendString)
    i.USART1_IRQHandler                      0x0800123c   Section        0  uart.o(i.USART1_IRQHandler)
    i.USART2_IRQHandler                      0x08001290   Section        0  uart.o(i.USART2_IRQHandler)
    i.USART3_IRQHandler                      0x080012e4   Section        0  uart.o(i.USART3_IRQHandler)
    i.__NVIC_EnableIRQ                       0x08001338   Section        0  uart.o(i.__NVIC_EnableIRQ)
    __NVIC_EnableIRQ                         0x08001339   Thumb Code    34  uart.o(i.__NVIC_EnableIRQ)
    i._mutex_acquire                         0x0800135a   Section        0  clib_arm.o(i._mutex_acquire)
    __tagsym$$used                           0x0800135b   Number         0  clib_arm.o(i._mutex_acquire)
    i._mutex_free                            0x08001370   Section        0  clib_arm.o(i._mutex_free)
    __tagsym$$used                           0x08001371   Number         0  clib_arm.o(i._mutex_free)
    i._mutex_initialize                      0x080013a4   Section        0  clib_arm.o(i._mutex_initialize)
    __tagsym$$used                           0x080013a5   Number         0  clib_arm.o(i._mutex_initialize)
    i._mutex_release                         0x08001404   Section        0  clib_arm.o(i._mutex_release)
    __tagsym$$used                           0x08001405   Number         0  clib_arm.o(i._mutex_release)
    i._platform_post_stackheap_init          0x0800141c   Section        0  clib_arm.o(i._platform_post_stackheap_init)
    i.main                                   0x08001420   Section        0  main.o(i.main)
    i.map                                    0x08001498   Section        0  main.o(i.map)
    i.os_kernel_is_active                    0x080014ae   Section        0  clib_arm.o(i.os_kernel_is_active)
    os_kernel_is_active                      0x080014af   Thumb Code    18  clib_arm.o(i.os_kernel_is_active)
    i.prvAddCurrentTaskToDelayedList         0x080014c0   Section        0  tasks.o(i.prvAddCurrentTaskToDelayedList)
    prvAddCurrentTaskToDelayedList           0x080014c1   Thumb Code   140  tasks.o(i.prvAddCurrentTaskToDelayedList)
    i.prvAddNewTaskToReadyList               0x08001564   Section        0  tasks.o(i.prvAddNewTaskToReadyList)
    prvAddNewTaskToReadyList                 0x08001565   Thumb Code   204  tasks.o(i.prvAddNewTaskToReadyList)
    i.prvCheckForValidListAndQueue           0x0800164c   Section        0  timers.o(i.prvCheckForValidListAndQueue)
    prvCheckForValidListAndQueue             0x0800164d   Thumb Code    62  timers.o(i.prvCheckForValidListAndQueue)
    i.prvCheckTasksWaitingTermination        0x080016a8   Section        0  tasks.o(i.prvCheckTasksWaitingTermination)
    prvCheckTasksWaitingTermination          0x080016a9   Thumb Code    60  tasks.o(i.prvCheckTasksWaitingTermination)
    i.prvCopyDataFromQueue                   0x080016f0   Section        0  queue.o(i.prvCopyDataFromQueue)
    prvCopyDataFromQueue                     0x080016f1   Thumb Code    42  queue.o(i.prvCopyDataFromQueue)
    i.prvCopyDataToQueue                     0x0800171a   Section        0  queue.o(i.prvCopyDataToQueue)
    prvCopyDataToQueue                       0x0800171b   Thumb Code   126  queue.o(i.prvCopyDataToQueue)
    i.prvDeleteTCB                           0x08001798   Section        0  tasks.o(i.prvDeleteTCB)
    prvDeleteTCB                             0x08001799   Thumb Code    40  tasks.o(i.prvDeleteTCB)
    i.prvGetDisinheritPriorityAfterTimeout   0x080017c0   Section        0  queue.o(i.prvGetDisinheritPriorityAfterTimeout)
    prvGetDisinheritPriorityAfterTimeout     0x080017c1   Thumb Code    20  queue.o(i.prvGetDisinheritPriorityAfterTimeout)
    i.prvGetNextExpireTime                   0x080017d4   Section        0  timers.o(i.prvGetNextExpireTime)
    prvGetNextExpireTime                     0x080017d5   Thumb Code    36  timers.o(i.prvGetNextExpireTime)
    i.prvHeapInit                            0x080017fc   Section        0  heap_4.o(i.prvHeapInit)
    prvHeapInit                              0x080017fd   Thumb Code    98  heap_4.o(i.prvHeapInit)
    i.prvIdleTask                            0x08001878   Section        0  tasks.o(i.prvIdleTask)
    prvIdleTask                              0x08001879   Thumb Code    32  tasks.o(i.prvIdleTask)
    i.prvInitialiseMutex                     0x080018a0   Section        0  queue.o(i.prvInitialiseMutex)
    prvInitialiseMutex                       0x080018a1   Thumb Code    30  queue.o(i.prvInitialiseMutex)
    i.prvInitialiseNewQueue                  0x080018be   Section        0  queue.o(i.prvInitialiseNewQueue)
    prvInitialiseNewQueue                    0x080018bf   Thumb Code    42  queue.o(i.prvInitialiseNewQueue)
    i.prvInitialiseNewTask                   0x080018e8   Section        0  tasks.o(i.prvInitialiseNewTask)
    prvInitialiseNewTask                     0x080018e9   Thumb Code   154  tasks.o(i.prvInitialiseNewTask)
    i.prvInitialiseTaskLists                 0x08001984   Section        0  tasks.o(i.prvInitialiseTaskLists)
    prvInitialiseTaskLists                   0x08001985   Thumb Code    70  tasks.o(i.prvInitialiseTaskLists)
    i.prvInsertBlockIntoFreeList             0x080019ec   Section        0  heap_4.o(i.prvInsertBlockIntoFreeList)
    prvInsertBlockIntoFreeList               0x080019ed   Thumb Code    96  heap_4.o(i.prvInsertBlockIntoFreeList)
    i.prvInsertTimerInActiveList             0x08001a54   Section        0  timers.o(i.prvInsertTimerInActiveList)
    prvInsertTimerInActiveList               0x08001a55   Thumb Code    80  timers.o(i.prvInsertTimerInActiveList)
    i.prvIsQueueEmpty                        0x08001aac   Section        0  queue.o(i.prvIsQueueEmpty)
    prvIsQueueEmpty                          0x08001aad   Thumb Code    26  queue.o(i.prvIsQueueEmpty)
    i.prvIsQueueFull                         0x08001ac6   Section        0  queue.o(i.prvIsQueueFull)
    prvIsQueueFull                           0x08001ac7   Thumb Code    30  queue.o(i.prvIsQueueFull)
    i.prvProcessExpiredTimer                 0x08001ae4   Section        0  timers.o(i.prvProcessExpiredTimer)
    prvProcessExpiredTimer                   0x08001ae5   Thumb Code    62  timers.o(i.prvProcessExpiredTimer)
    i.prvProcessReceivedCommands             0x08001b28   Section        0  timers.o(i.prvProcessReceivedCommands)
    prvProcessReceivedCommands               0x08001b29   Thumb Code   268  timers.o(i.prvProcessReceivedCommands)
    i.prvProcessTimerOrBlockTask             0x08001c38   Section        0  timers.o(i.prvProcessTimerOrBlockTask)
    prvProcessTimerOrBlockTask               0x08001c39   Thumb Code   102  timers.o(i.prvProcessTimerOrBlockTask)
    i.prvReloadTimer                         0x08001cac   Section        0  timers.o(i.prvReloadTimer)
    prvReloadTimer                           0x08001cad   Thumb Code    40  timers.o(i.prvReloadTimer)
    i.prvResetNextTaskUnblockTime            0x08001cd4   Section        0  tasks.o(i.prvResetNextTaskUnblockTime)
    prvResetNextTaskUnblockTime              0x08001cd5   Thumb Code    40  tasks.o(i.prvResetNextTaskUnblockTime)
    i.prvSampleTimeNow                       0x08001d04   Section        0  timers.o(i.prvSampleTimeNow)
    prvSampleTimeNow                         0x08001d05   Thumb Code    40  timers.o(i.prvSampleTimeNow)
    i.prvSwitchTimerLists                    0x08001d30   Section        0  timers.o(i.prvSwitchTimerLists)
    prvSwitchTimerLists                      0x08001d31   Thumb Code    58  timers.o(i.prvSwitchTimerLists)
    i.prvTaskExitError                       0x08001d74   Section        0  port.o(i.prvTaskExitError)
    prvTaskExitError                         0x08001d75   Thumb Code    22  port.o(i.prvTaskExitError)
    i.prvTimerTask                           0x08001d8a   Section        0  timers.o(i.prvTimerTask)
    prvTimerTask                             0x08001d8b   Thumb Code    26  timers.o(i.prvTimerTask)
    i.prvUnlockQueue                         0x08001da4   Section        0  queue.o(i.prvUnlockQueue)
    prvUnlockQueue                           0x08001da5   Thumb Code   126  queue.o(i.prvUnlockQueue)
    i.pvPortMalloc                           0x08001e24   Section        0  heap_4.o(i.pvPortMalloc)
    i.pvTaskIncrementMutexHeldCount          0x08001f20   Section        0  tasks.o(i.pvTaskIncrementMutexHeldCount)
    i.pxPortInitialiseStack                  0x08001f40   Section        0  port.o(i.pxPortInitialiseStack)
    i.uxListRemove                           0x08001f64   Section        0  list.o(i.uxListRemove)
    i.vApplicationGetIdleTaskMemory          0x08001f8c   Section        0  cmsis_os2.o(i.vApplicationGetIdleTaskMemory)
    i.vApplicationGetTimerTaskMemory         0x08001fa4   Section        0  cmsis_os2.o(i.vApplicationGetTimerTaskMemory)
    i.vApplicationStackOverflowHook          0x08001fbc   Section        0  cmsis_os2.o(i.vApplicationStackOverflowHook)
    i.vListInitialise                        0x08001fbe   Section        0  list.o(i.vListInitialise)
    i.vListInitialiseItem                    0x08001fd8   Section        0  list.o(i.vListInitialiseItem)
    i.vListInsert                            0x08001fde   Section        0  list.o(i.vListInsert)
    i.vPortEnterCritical                     0x08002014   Section        0  port.o(i.vPortEnterCritical)
    i.vPortExitCritical                      0x08002038   Section        0  port.o(i.vPortExitCritical)
    i.vPortFree                              0x08002058   Section        0  heap_4.o(i.vPortFree)
    i.vPortSetupTimerInterrupt               0x080020b0   Section        0  port.o(i.vPortSetupTimerInterrupt)
    i.vQueueDelete                           0x080020d8   Section        0  queue.o(i.vQueueDelete)
    i.vQueueWaitForMessageRestricted         0x080020ec   Section        0  queue.o(i.vQueueWaitForMessageRestricted)
    i.vTaskDelay                             0x08002138   Section        0  tasks.o(i.vTaskDelay)
    i.vTaskInternalSetTimeOutState           0x0800216c   Section        0  tasks.o(i.vTaskInternalSetTimeOutState)
    i.vTaskMissedYield                       0x08002184   Section        0  tasks.o(i.vTaskMissedYield)
    i.vTaskPlaceOnEventList                  0x08002190   Section        0  tasks.o(i.vTaskPlaceOnEventList)
    i.vTaskPlaceOnEventListRestricted        0x080021b0   Section        0  tasks.o(i.vTaskPlaceOnEventListRestricted)
    i.vTaskPriorityDisinheritAfterTimeout    0x080021fc   Section        0  tasks.o(i.vTaskPriorityDisinheritAfterTimeout)
    i.vTaskStartScheduler                    0x080022bc   Section        0  tasks.o(i.vTaskStartScheduler)
    i.vTaskSuspendAll                        0x08002358   Section        0  tasks.o(i.vTaskSuspendAll)
    i.vTaskSwitchContext                     0x08002368   Section        0  tasks.o(i.vTaskSwitchContext)
    i.xPortStartScheduler                    0x08002418   Section        0  port.o(i.xPortStartScheduler)
    i.xPortSysTickHandler                    0x0800244c   Section        0  port.o(i.xPortSysTickHandler)
    i.xQueueCreateMutex                      0x08002480   Section        0  queue.o(i.xQueueCreateMutex)
    i.xQueueCreateMutexStatic                0x080024a2   Section        0  queue.o(i.xQueueCreateMutexStatic)
    i.xQueueGenericCreate                    0x080024cc   Section        0  queue.o(i.xQueueGenericCreate)
    i.xQueueGenericCreateStatic              0x0800251e   Section        0  queue.o(i.xQueueGenericCreateStatic)
    i.xQueueGenericReset                     0x0800255c   Section        0  queue.o(i.xQueueGenericReset)
    i.xQueueGenericSend                      0x080025fc   Section        0  queue.o(i.xQueueGenericSend)
    i.xQueueReceive                          0x08002714   Section        0  queue.o(i.xQueueReceive)
    i.xQueueSemaphoreTake                    0x08002818   Section        0  queue.o(i.xQueueSemaphoreTake)
    i.xTaskCheckForTimeOut                   0x08002948   Section        0  tasks.o(i.xTaskCheckForTimeOut)
    i.xTaskCreate                            0x080029a8   Section        0  tasks.o(i.xTaskCreate)
    i.xTaskCreateStatic                      0x08002a0c   Section        0  tasks.o(i.xTaskCreateStatic)
    i.xTaskGetSchedulerState                 0x08002a5c   Section        0  tasks.o(i.xTaskGetSchedulerState)
    i.xTaskGetTickCount                      0x08002a7c   Section        0  tasks.o(i.xTaskGetTickCount)
    i.xTaskIncrementTick                     0x08002a88   Section        0  tasks.o(i.xTaskIncrementTick)
    i.xTaskPriorityDisinherit                0x08002c18   Section        0  tasks.o(i.xTaskPriorityDisinherit)
    i.xTaskPriorityInherit                   0x08002cac   Section        0  tasks.o(i.xTaskPriorityInherit)
    i.xTaskRemoveFromEventList               0x08002d84   Section        0  tasks.o(i.xTaskRemoveFromEventList)
    i.xTaskResumeAll                         0x08002e8c   Section        0  tasks.o(i.xTaskResumeAll)
    i.xTimerCreateTimerTask                  0x08002fe4   Section        0  timers.o(i.xTimerCreateTimerTask)
    .data                                    0x20000000   Section        4  delay.o(.data)
    fac_us                                   0x20000000   Data           1  delay.o(.data)
    fac_ms                                   0x20000002   Data           2  delay.o(.data)
    .data                                    0x20000004   Section       12  main.o(.data)
    .data                                    0x20000010   Section        2  dht11.o(.data)
    .data                                    0x20000014   Section       10  uart.o(.data)
    .data                                    0x20000020   Section       20  system_stm32f10x.o(.data)
    .data                                    0x20000034   Section       32  heap_4.o(.data)
    xStart                                   0x20000034   Data           8  heap_4.o(.data)
    pxEnd                                    0x2000003c   Data           4  heap_4.o(.data)
    xFreeBytesRemaining                      0x20000040   Data           4  heap_4.o(.data)
    xMinimumEverFreeBytesRemaining           0x20000044   Data           4  heap_4.o(.data)
    xNumberOfSuccessfulAllocations           0x20000048   Data           4  heap_4.o(.data)
    xNumberOfSuccessfulFrees                 0x2000004c   Data           4  heap_4.o(.data)
    xBlockAllocatedBit                       0x20000050   Data           4  heap_4.o(.data)
    .data                                    0x20000054   Section        4  port.o(.data)
    uxCriticalNesting                        0x20000054   Data           4  port.o(.data)
    .data                                    0x20000058   Section       64  tasks.o(.data)
    pxDelayedTaskList                        0x2000005c   Data           4  tasks.o(.data)
    pxOverflowDelayedTaskList                0x20000060   Data           4  tasks.o(.data)
    uxDeletedTasksWaitingCleanUp             0x20000064   Data           4  tasks.o(.data)
    uxCurrentNumberOfTasks                   0x20000068   Data           4  tasks.o(.data)
    xTickCount                               0x2000006c   Data           4  tasks.o(.data)
    uxTopReadyPriority                       0x20000070   Data           4  tasks.o(.data)
    xSchedulerRunning                        0x20000074   Data           4  tasks.o(.data)
    xPendedTicks                             0x20000078   Data           4  tasks.o(.data)
    xYieldPending                            0x2000007c   Data           4  tasks.o(.data)
    xNumOfOverflows                          0x20000080   Data           4  tasks.o(.data)
    uxTaskNumber                             0x20000084   Data           4  tasks.o(.data)
    xNextTaskUnblockTime                     0x20000088   Data           4  tasks.o(.data)
    xIdleTaskHandle                          0x2000008c   Data           4  tasks.o(.data)
    uxSchedulerSuspended                     0x20000094   Data           4  tasks.o(.data)
    .data                                    0x20000098   Section       20  timers.o(.data)
    pxCurrentTimerList                       0x20000098   Data           4  timers.o(.data)
    pxOverflowTimerList                      0x2000009c   Data           4  timers.o(.data)
    xTimerQueue                              0x200000a0   Data           4  timers.o(.data)
    xTimerTaskHandle                         0x200000a4   Data           4  timers.o(.data)
    xLastTime                                0x200000a8   Data           4  timers.o(.data)
    .bss                                     0x200000ac   Section       60  uart.o(.bss)
    .bss                                     0x200000e8   Section      916  clib_arm.o(.bss)
    os_libspace                              0x200000e8   Data         480  clib_arm.o(.bss)
    os_libspace_id                           0x200002c8   Data          16  clib_arm.o(.bss)
    clib_mutex_cb                            0x200002d8   Data         400  clib_arm.o(.bss)
    clib_mutex_id                            0x20000468   Data          20  clib_arm.o(.bss)
    .bss                                     0x2000047c   Section     1016  cmsis_os2.o(.bss)
    Idle_TCB                                 0x2000047c   Data          92  cmsis_os2.o(.bss)
    Idle_Stack                               0x200004d8   Data         512  cmsis_os2.o(.bss)
    Timer_TCB                                0x200006d8   Data          92  cmsis_os2.o(.bss)
    Timer_Stack                              0x20000734   Data         320  cmsis_os2.o(.bss)
    .bss                                     0x20000874   Section     8192  heap_4.o(.bss)
    ucHeap                                   0x20000874   Data        8192  heap_4.o(.bss)
    .bss                                     0x20002874   Section     1220  tasks.o(.bss)
    pxReadyTasksLists                        0x20002874   Data        1120  tasks.o(.bss)
    xDelayedTaskList1                        0x20002cd4   Data          20  tasks.o(.bss)
    xDelayedTaskList2                        0x20002ce8   Data          20  tasks.o(.bss)
    xPendingReadyList                        0x20002cfc   Data          20  tasks.o(.bss)
    xTasksWaitingTermination                 0x20002d10   Data          20  tasks.o(.bss)
    xSuspendedTaskList                       0x20002d24   Data          20  tasks.o(.bss)
    .bss                                     0x20002d38   Section      200  timers.o(.bss)
    xActiveTimerList1                        0x20002d38   Data          20  timers.o(.bss)
    xActiveTimerList2                        0x20002d4c   Data          20  timers.o(.bss)
    xStaticTimerQueue                        0x20002d60   Data          80  timers.o(.bss)
    ucStaticTimerQueueStorage                0x20002db0   Data          80  timers.o(.bss)
    .bss                                     0x20002e00   Section       96  libspace.o(.bss)
    HEAP                                     0x20002e60   Section      512  startup_stm32f10x_md.o(HEAP)
    Heap_Mem                                 0x20002e60   Data         512  startup_stm32f10x_md.o(HEAP)
    STACK                                    0x20003060   Section     1024  startup_stm32f10x_md.o(STACK)
    Stack_Mem                                0x20003060   Data        1024  startup_stm32f10x_md.o(STACK)
    __initial_sp                             0x20003460   Data           0  startup_stm32f10x_md.o(STACK)

    Global Symbols

    Symbol Name                              Value     Ov Type        Size  Object(Section)

    BuildAttributes$$THM_ISAv4$P$D$K$B$S$PE$A:L22UL41UL21$X:L11$S22US41US21$IEEE1$IW$USESV6$~STKCKD$USESV7$~SHL$OSPACE$ROPI$EBA8$UX$STANDARDLIB$REQ8$PRES8$EABIv2 0x00000000   Number         0  anon$$obj.o ABSOLUTE
    __ARM_use_no_argv                        0x00000000   Number         0  main.o ABSOLUTE
    __ARM_exceptions_init                     - Undefined Weak Reference
    __alloca_initialize                       - Undefined Weak Reference
    __arm_fini_                               - Undefined Weak Reference
    __arm_preinit_                            - Undefined Weak Reference
    __cpp_initialize__aeabi_                  - Undefined Weak Reference
    __cxa_finalize                            - Undefined Weak Reference
    __rt_locale                               - Undefined Weak Reference
    __sigvec_lookup                           - Undefined Weak Reference
    _atexit_init                              - Undefined Weak Reference
    _call_atexit_fns                          - Undefined Weak Reference
    _clock_init                               - Undefined Weak Reference
    _fp_trap_init                             - Undefined Weak Reference
    _fp_trap_shutdown                         - Undefined Weak Reference
    _get_lc_collate                           - Undefined Weak Reference
    _get_lc_ctype                             - Undefined Weak Reference
    _get_lc_monetary                          - Undefined Weak Reference
    _get_lc_numeric                           - Undefined Weak Reference
    _get_lc_time                              - Undefined Weak Reference
    _getenv_init                              - Undefined Weak Reference
    _handle_redirection                       - Undefined Weak Reference
    _init_alloc                               - Undefined Weak Reference
    _init_user_alloc                          - Undefined Weak Reference
    _initio                                   - Undefined Weak Reference
    _printf_post_padding                      - Undefined Weak Reference
    _printf_pre_padding                       - Undefined Weak Reference
    _printf_truncate_signed                   - Undefined Weak Reference
    _printf_truncate_unsigned                 - Undefined Weak Reference
    _rand_init                                - Undefined Weak Reference
    _signal_finish                            - Undefined Weak Reference
    _signal_init                              - Undefined Weak Reference
    _terminate_alloc                          - Undefined Weak Reference
    _terminate_user_alloc                     - Undefined Weak Reference
    _terminateio                              - Undefined Weak Reference
    __Vectors_Size                           0x000000ec   Number         0  startup_stm32f10x_md.o ABSOLUTE
    __Vectors                                0x08000000   Data           4  startup_stm32f10x_md.o(RESET)
    __Vectors_End                            0x080000ec   Data           0  startup_stm32f10x_md.o(RESET)
    __main                                   0x080000ed   Thumb Code     8  __main.o(!!!main)
    __scatterload                            0x080000f5   Thumb Code     0  __scatter.o(!!!scatter)
    __scatterload_rt2                        0x080000f5   Thumb Code    44  __scatter.o(!!!scatter)
    __scatterload_rt2_thumb_only             0x080000f5   Thumb Code     0  __scatter.o(!!!scatter)
    __scatterload_null                       0x08000103   Thumb Code     0  __scatter.o(!!!scatter)
    __scatterload_copy                       0x08000129   Thumb Code    26  __scatter_copy.o(!!handler_copy)
    __scatterload_zeroinit                   0x08000145   Thumb Code    28  __scatter_zi.o(!!handler_zi)
    _printf_d                                0x08000161   Thumb Code     0  _printf_d.o(.ARM.Collect$$_printf_percent$$00000009)
    _printf_percent                          0x08000161   Thumb Code     0  _printf_percent.o(.ARM.Collect$$_printf_percent$$00000000)
    _printf_percent_end                      0x08000167   Thumb Code     0  _printf_percent_end.o(.ARM.Collect$$_printf_percent$$00000017)
    __rt_lib_init                            0x0800016b   Thumb Code     0  libinit.o(.ARM.Collect$$libinit$$00000000)
    __rt_lib_init_alloca_1                   0x0800016d   Thumb Code     0  libinit2.o(.ARM.Collect$$libinit$$0000002E)
    __rt_lib_init_argv_1                     0x0800016d   Thumb Code     0  libinit2.o(.ARM.Collect$$libinit$$0000002C)
    __rt_lib_init_atexit_1                   0x0800016d   Thumb Code     0  libinit2.o(.ARM.Collect$$libinit$$0000001B)
    __rt_lib_init_clock_1                    0x0800016d   Thumb Code     0  libinit2.o(.ARM.Collect$$libinit$$00000021)
    __rt_lib_init_cpp_1                      0x0800016d   Thumb Code     0  libinit2.o(.ARM.Collect$$libinit$$00000032)
    __rt_lib_init_exceptions_1               0x0800016d   Thumb Code     0  libinit2.o(.ARM.Collect$$libinit$$00000030)
    __rt_lib_init_fp_1                       0x0800016d   Thumb Code     0  libinit2.o(.ARM.Collect$$libinit$$00000002)
    __rt_lib_init_fp_trap_1                  0x0800016d   Thumb Code     0  libinit2.o(.ARM.Collect$$libinit$$0000001F)
    __rt_lib_init_getenv_1                   0x0800016d   Thumb Code     0  libinit2.o(.ARM.Collect$$libinit$$00000023)
    __rt_lib_init_heap_1                     0x0800016d   Thumb Code     0  libinit2.o(.ARM.Collect$$libinit$$0000000A)
    __rt_lib_init_lc_collate_1               0x0800016d   Thumb Code     0  libinit2.o(.ARM.Collect$$libinit$$00000011)
    __rt_lib_init_lc_ctype_1                 0x0800016d   Thumb Code     0  libinit2.o(.ARM.Collect$$libinit$$00000013)
    __rt_lib_init_lc_monetary_1              0x0800016d   Thumb Code     0  libinit2.o(.ARM.Collect$$libinit$$00000015)
    __rt_lib_init_lc_numeric_1               0x0800016d   Thumb Code     0  libinit2.o(.ARM.Collect$$libinit$$00000017)
    __rt_lib_init_lc_time_1                  0x0800016d   Thumb Code     0  libinit2.o(.ARM.Collect$$libinit$$00000019)
    __rt_lib_init_preinit_1                  0x0800016d   Thumb Code     0  libinit2.o(.ARM.Collect$$libinit$$00000004)
    __rt_lib_init_rand_1                     0x0800016d   Thumb Code     0  libinit2.o(.ARM.Collect$$libinit$$0000000E)
    __rt_lib_init_return                     0x0800016d   Thumb Code     0  libinit2.o(.ARM.Collect$$libinit$$00000033)
    __rt_lib_init_signal_1                   0x0800016d   Thumb Code     0  libinit2.o(.ARM.Collect$$libinit$$0000001D)
    __rt_lib_init_stdio_1                    0x0800016d   Thumb Code     0  libinit2.o(.ARM.Collect$$libinit$$00000025)
    __rt_lib_init_user_alloc_1               0x0800016d   Thumb Code     0  libinit2.o(.ARM.Collect$$libinit$$0000000C)
    __rt_lib_shutdown                        0x0800016f   Thumb Code     0  libshutdown.o(.ARM.Collect$$libshutdown$$00000000)
    __rt_lib_shutdown_cpp_1                  0x08000171   Thumb Code     0  libshutdown2.o(.ARM.Collect$$libshutdown$$00000004)
    __rt_lib_shutdown_fini_1                 0x08000171   Thumb Code     0  libshutdown2.o(.ARM.Collect$$libshutdown$$00000002)
    __rt_lib_shutdown_fp_trap_1              0x08000171   Thumb Code     0  libshutdown2.o(.ARM.Collect$$libshutdown$$00000009)
    __rt_lib_shutdown_heap_1                 0x08000171   Thumb Code     0  libshutdown2.o(.ARM.Collect$$libshutdown$$00000011)
    __rt_lib_shutdown_return                 0x08000171   Thumb Code     0  libshutdown2.o(.ARM.Collect$$libshutdown$$00000012)
    __rt_lib_shutdown_signal_1               0x08000171   Thumb Code     0  libshutdown2.o(.ARM.Collect$$libshutdown$$0000000C)
    __rt_lib_shutdown_stdio_1                0x08000171   Thumb Code     0  libshutdown2.o(.ARM.Collect$$libshutdown$$00000006)
    __rt_lib_shutdown_user_alloc_1           0x08000171   Thumb Code     0  libshutdown2.o(.ARM.Collect$$libshutdown$$0000000E)
    __rt_entry                               0x08000173   Thumb Code     0  __rtentry.o(.ARM.Collect$$rtentry$$00000000)
    __rt_entry_presh_1                       0x08000173   Thumb Code     0  __rtentry2.o(.ARM.Collect$$rtentry$$00000002)
    __rt_entry_sh                            0x08000173   Thumb Code     0  __rtentry4.o(.ARM.Collect$$rtentry$$00000004)
    __rt_entry_postsh_1                      0x08000179   Thumb Code     0  __rtentry2.o(.ARM.Collect$$rtentry$$00000008)
    __rt_entry_li                            0x08000181   Thumb Code     0  __rtentry2.o(.ARM.Collect$$rtentry$$0000000A)
    __rt_entry_main                          0x08000185   Thumb Code     0  __rtentry2.o(.ARM.Collect$$rtentry$$0000000D)
    __rt_entry_postli_1                      0x08000185   Thumb Code     0  __rtentry2.o(.ARM.Collect$$rtentry$$0000000C)
    __rt_exit                                0x0800018d   Thumb Code     0  rtexit.o(.ARM.Collect$$rtexit$$00000000)
    __rt_exit_ls                             0x0800018f   Thumb Code     0  rtexit2.o(.ARM.Collect$$rtexit$$00000003)
    __rt_exit_prels_1                        0x0800018f   Thumb Code     0  rtexit2.o(.ARM.Collect$$rtexit$$00000002)
    __rt_exit_exit                           0x08000193   Thumb Code     0  rtexit2.o(.ARM.Collect$$rtexit$$00000004)
    SVC_Handler                              0x08000199   Thumb Code    32  port.o(.emb_text)
    __asm___6_port_c_39a90d8d__prvStartFirstTask 0x080001bd   Thumb Code    28  port.o(.emb_text)
    PendSV_Handler                           0x080001dd   Thumb Code    72  port.o(.emb_text)
    vPortGetIPSR                             0x08000229   Thumb Code     6  port.o(.emb_text)
    Reset_Handler                            0x08000231   Thumb Code     8  startup_stm32f10x_md.o(.text)
    NMI_Handler                              0x08000239   Thumb Code     2  startup_stm32f10x_md.o(.text)
    HardFault_Handler                        0x0800023b   Thumb Code     2  startup_stm32f10x_md.o(.text)
    MemManage_Handler                        0x0800023d   Thumb Code     2  startup_stm32f10x_md.o(.text)
    BusFault_Handler                         0x0800023f   Thumb Code     2  startup_stm32f10x_md.o(.text)
    UsageFault_Handler                       0x08000241   Thumb Code     2  startup_stm32f10x_md.o(.text)
    DebugMon_Handler                         0x08000245   Thumb Code     2  startup_stm32f10x_md.o(.text)
    ADC1_2_IRQHandler                        0x0800024b   Thumb Code     0  startup_stm32f10x_md.o(.text)
    CAN1_RX1_IRQHandler                      0x0800024b   Thumb Code     0  startup_stm32f10x_md.o(.text)
    CAN1_SCE_IRQHandler                      0x0800024b   Thumb Code     0  startup_stm32f10x_md.o(.text)
    DMA1_Channel1_IRQHandler                 0x0800024b   Thumb Code     0  startup_stm32f10x_md.o(.text)
    DMA1_Channel2_IRQHandler                 0x0800024b   Thumb Code     0  startup_stm32f10x_md.o(.text)
    DMA1_Channel3_IRQHandler                 0x0800024b   Thumb Code     0  startup_stm32f10x_md.o(.text)
    DMA1_Channel4_IRQHandler                 0x0800024b   Thumb Code     0  startup_stm32f10x_md.o(.text)
    DMA1_Channel5_IRQHandler                 0x0800024b   Thumb Code     0  startup_stm32f10x_md.o(.text)
    DMA1_Channel6_IRQHandler                 0x0800024b   Thumb Code     0  startup_stm32f10x_md.o(.text)
    DMA1_Channel7_IRQHandler                 0x0800024b   Thumb Code     0  startup_stm32f10x_md.o(.text)
    EXTI0_IRQHandler                         0x0800024b   Thumb Code     0  startup_stm32f10x_md.o(.text)
    EXTI15_10_IRQHandler                     0x0800024b   Thumb Code     0  startup_stm32f10x_md.o(.text)
    EXTI1_IRQHandler                         0x0800024b   Thumb Code     0  startup_stm32f10x_md.o(.text)
    EXTI2_IRQHandler                         0x0800024b   Thumb Code     0  startup_stm32f10x_md.o(.text)
    EXTI3_IRQHandler                         0x0800024b   Thumb Code     0  startup_stm32f10x_md.o(.text)
    EXTI4_IRQHandler                         0x0800024b   Thumb Code     0  startup_stm32f10x_md.o(.text)
    EXTI9_5_IRQHandler                       0x0800024b   Thumb Code     0  startup_stm32f10x_md.o(.text)
    FLASH_IRQHandler                         0x0800024b   Thumb Code     0  startup_stm32f10x_md.o(.text)
    I2C1_ER_IRQHandler                       0x0800024b   Thumb Code     0  startup_stm32f10x_md.o(.text)
    I2C1_EV_IRQHandler                       0x0800024b   Thumb Code     0  startup_stm32f10x_md.o(.text)
    I2C2_ER_IRQHandler                       0x0800024b   Thumb Code     0  startup_stm32f10x_md.o(.text)
    I2C2_EV_IRQHandler                       0x0800024b   Thumb Code     0  startup_stm32f10x_md.o(.text)
    PVD_IRQHandler                           0x0800024b   Thumb Code     0  startup_stm32f10x_md.o(.text)
    RCC_IRQHandler                           0x0800024b   Thumb Code     0  startup_stm32f10x_md.o(.text)
    RTCAlarm_IRQHandler                      0x0800024b   Thumb Code     0  startup_stm32f10x_md.o(.text)
    RTC_IRQHandler                           0x0800024b   Thumb Code     0  startup_stm32f10x_md.o(.text)
    SPI1_IRQHandler                          0x0800024b   Thumb Code     0  startup_stm32f10x_md.o(.text)
    SPI2_IRQHandler                          0x0800024b   Thumb Code     0  startup_stm32f10x_md.o(.text)
    TAMPER_IRQHandler                        0x0800024b   Thumb Code     0  startup_stm32f10x_md.o(.text)
    TIM1_BRK_IRQHandler                      0x0800024b   Thumb Code     0  startup_stm32f10x_md.o(.text)
    TIM1_CC_IRQHandler                       0x0800024b   Thumb Code     0  startup_stm32f10x_md.o(.text)
    TIM1_TRG_COM_IRQHandler                  0x0800024b   Thumb Code     0  startup_stm32f10x_md.o(.text)
    TIM1_UP_IRQHandler                       0x0800024b   Thumb Code     0  startup_stm32f10x_md.o(.text)
    TIM2_IRQHandler                          0x0800024b   Thumb Code     0  startup_stm32f10x_md.o(.text)
    TIM3_IRQHandler                          0x0800024b   Thumb Code     0  startup_stm32f10x_md.o(.text)
    TIM4_IRQHandler                          0x0800024b   Thumb Code     0  startup_stm32f10x_md.o(.text)
    USBWakeUp_IRQHandler                     0x0800024b   Thumb Code     0  startup_stm32f10x_md.o(.text)
    USB_HP_CAN1_TX_IRQHandler                0x0800024b   Thumb Code     0  startup_stm32f10x_md.o(.text)
    USB_LP_CAN1_RX0_IRQHandler               0x0800024b   Thumb Code     0  startup_stm32f10x_md.o(.text)
    WWDG_IRQHandler                          0x0800024b   Thumb Code     0  startup_stm32f10x_md.o(.text)
    __user_initial_stackheap                 0x0800024d   Thumb Code     0  startup_stm32f10x_md.o(.text)
    __2sprintf                               0x08000271   Thumb Code    34  noretval__2sprintf.o(.text)
    __printf                                 0x08000299   Thumb Code   104  __printf.o(.text)
    _printf_int_dec                          0x08000301   Thumb Code   104  _printf_dec.o(.text)
    __aeabi_memcpy                           0x08000379   Thumb Code     0  rt_memcpy_v6.o(.text)
    __rt_memcpy                              0x08000379   Thumb Code   138  rt_memcpy_v6.o(.text)
    _memcpy_lastbytes                        0x080003df   Thumb Code     0  rt_memcpy_v6.o(.text)
    __aeabi_memset                           0x08000403   Thumb Code    16  aeabi_memset.o(.text)
    __use_two_region_memory                  0x08000413   Thumb Code     2  heapauxi.o(.text)
    __rt_heap_escrow$2region                 0x08000415   Thumb Code     2  heapauxi.o(.text)
    __rt_heap_expand$2region                 0x08000417   Thumb Code     2  heapauxi.o(.text)
    _printf_int_common                       0x08000419   Thumb Code   178  _printf_intcommon.o(.text)
    _printf_char_common                      0x080004d7   Thumb Code    32  _printf_char_common.o(.text)
    _sputc                                   0x080004fd   Thumb Code    10  _sputc.o(.text)
    __aeabi_memcpy4                          0x08000507   Thumb Code     0  rt_memcpy_w.o(.text)
    __aeabi_memcpy8                          0x08000507   Thumb Code     0  rt_memcpy_w.o(.text)
    __rt_memcpy_w                            0x08000507   Thumb Code   100  rt_memcpy_w.o(.text)
    _memcpy_lastbytes_aligned                0x0800054f   Thumb Code     0  rt_memcpy_w.o(.text)
    __aeabi_memclr                           0x0800056b   Thumb Code     0  rt_memclr.o(.text)
    __rt_memclr                              0x0800056b   Thumb Code    68  rt_memclr.o(.text)
    _memset                                  0x0800056f   Thumb Code     0  rt_memclr.o(.text)
    __aeabi_memclr4                          0x080005af   Thumb Code     0  rt_memclr_w.o(.text)
    __aeabi_memclr8                          0x080005af   Thumb Code     0  rt_memclr_w.o(.text)
    __rt_memclr_w                            0x080005af   Thumb Code    78  rt_memclr_w.o(.text)
    _memset_w                                0x080005b3   Thumb Code     0  rt_memclr_w.o(.text)
    __user_setup_stackheap                   0x080005fd   Thumb Code    74  sys_stackheap_outer.o(.text)
    exit                                     0x08000647   Thumb Code    18  exit.o(.text)
    __user_libspace                          0x08000659   Thumb Code     8  libspace.o(.text)
    __user_perproc_libspace                  0x08000659   Thumb Code     0  libspace.o(.text)
    _sys_exit                                0x08000661   Thumb Code     8  sys_exit.o(.text)
    __I$use$semihosting                      0x0800066d   Thumb Code     0  use_no_semi.o(.text)
    __use_no_semihosting_swi                 0x0800066d   Thumb Code     2  use_no_semi.o(.text)
    ADC_AutoInjectedConvCmd                  0x0800066f   Thumb Code    22  stm32f10x_adc.o(i.ADC_AutoInjectedConvCmd)
    __semihosting_library_function           0x0800066f   Thumb Code     0  indicate_semi.o(.text)
    ADC_Cmd                                  0x08000685   Thumb Code    22  stm32f10x_adc.o(i.ADC_Cmd)
    ADC_ExternalTrigInjectedConvConfig       0x0800069b   Thumb Code    16  stm32f10x_adc.o(i.ADC_ExternalTrigInjectedConvConfig)
    ADC_GetCalibrationStatus                 0x080006ab   Thumb Code    20  stm32f10x_adc.o(i.ADC_GetCalibrationStatus)
    ADC_GetInjectedConversionValue           0x080006bf   Thumb Code    28  stm32f10x_adc.o(i.ADC_GetInjectedConversionValue)
    ADC_GetResetCalibrationStatus            0x080006db   Thumb Code    20  stm32f10x_adc.o(i.ADC_GetResetCalibrationStatus)
    ADC_Init                                 0x080006f1   Thumb Code    70  stm32f10x_adc.o(i.ADC_Init)
    ADC_Inits                                0x08000741   Thumb Code   194  main.o(i.ADC_Inits)
    ADC_InjectedChannelConfig                0x0800080d   Thumb Code   130  stm32f10x_adc.o(i.ADC_InjectedChannelConfig)
    ADC_InjectedSequencerLengthConfig        0x0800088f   Thumb Code    24  stm32f10x_adc.o(i.ADC_InjectedSequencerLengthConfig)
    ADC_ResetCalibration                     0x080008a7   Thumb Code    10  stm32f10x_adc.o(i.ADC_ResetCalibration)
    ADC_SoftwareStartInjectedConvCmd         0x080008b1   Thumb Code    22  stm32f10x_adc.o(i.ADC_SoftwareStartInjectedConvCmd)
    ADC_StartCalibration                     0x080008c7   Thumb Code    10  stm32f10x_adc.o(i.ADC_StartCalibration)
    DHT11_Check                              0x080008d1   Thumb Code   104  dht11.o(i.DHT11_Check)
    DHT11_Init                               0x0800093d   Thumb Code    54  dht11.o(i.DHT11_Init)
    DHT11_ReadHumi                           0x08000979   Thumb Code     6  dht11.o(i.DHT11_ReadHumi)
    DHT11_ReadTemp                           0x08000985   Thumb Code     6  dht11.o(i.DHT11_ReadTemp)
    DHT11_Read_Bit                           0x08000991   Thumb Code    82  dht11.o(i.DHT11_Read_Bit)
    DHT11_Read_Byte                          0x080009e9   Thumb Code    32  dht11.o(i.DHT11_Read_Byte)
    DHT11_Read_Data                          0x08000a09   Thumb Code    90  dht11.o(i.DHT11_Read_Data)
    DHT11_Rst                                0x08000a6d   Thumb Code    54  dht11.o(i.DHT11_Rst)
    Delayms                                  0x08000aa9   Thumb Code    30  dht11.o(i.Delayms)
    Delayus                                  0x08000ac7   Thumb Code    26  dht11.o(i.Delayus)
    Fn_DELAY_Init                            0x08000ae1   Thumb Code    56  delay.o(i.Fn_DELAY_Init)
    GPIO_Init                                0x08000b21   Thumb Code   278  stm32f10x_gpio.o(i.GPIO_Init)
    GPIO_WriteBit                            0x08000c37   Thumb Code    10  stm32f10x_gpio.o(i.GPIO_WriteBit)
    INIT_UART_1                              0x08000c41   Thumb Code   102  uart.o(i.INIT_UART_1)
    INIT_UART_2                              0x08000cb9   Thumb Code   104  uart.o(i.INIT_UART_2)
    RCC_ADCCLKConfig                         0x08000d31   Thumb Code    18  stm32f10x_rcc.o(i.RCC_ADCCLKConfig)
    RCC_APB2PeriphClockCmd                   0x08000d49   Thumb Code    26  stm32f10x_rcc.o(i.RCC_APB2PeriphClockCmd)
    Relay_Inits                              0x08000d69   Thumb Code    58  main.o(i.Relay_Inits)
    SYS_Init                                 0x08000da9   Thumb Code    46  main.o(i.SYS_Init)
    SysTick_Handler                          0x08000ec1   Thumb Code    22  cmsis_os2.o(i.SysTick_Handler)
    SystemCoreClockUpdate                    0x08000ed9   Thumb Code   142  system_stm32f10x.o(i.SystemCoreClockUpdate)
    SystemInit                               0x08000f7d   Thumb Code    78  system_stm32f10x.o(i.SystemInit)
    TaskGetControl                           0x08000fdd   Thumb Code   124  main.o(i.TaskGetControl)
    TaskReadSensor                           0x080010a1   Thumb Code   210  main.o(i.TaskReadSensor)
    TaskSendSensor                           0x0800117d   Thumb Code    62  main.o(i.TaskSendSensor)
    UART1_SendChar                           0x080011d1   Thumb Code    24  uart.o(i.UART1_SendChar)
    UART1_SendString                         0x080011ed   Thumb Code    22  uart.o(i.UART1_SendString)
    UART2_SendChar                           0x08001205   Thumb Code    26  uart.o(i.UART2_SendChar)
    UART2_SendString                         0x08001225   Thumb Code    22  uart.o(i.UART2_SendString)
    USART1_IRQHandler                        0x0800123d   Thumb Code    66  uart.o(i.USART1_IRQHandler)
    USART2_IRQHandler                        0x08001291   Thumb Code    66  uart.o(i.USART2_IRQHandler)
    USART3_IRQHandler                        0x080012e5   Thumb Code    66  uart.o(i.USART3_IRQHandler)
    _mutex_acquire                           0x0800135b   Thumb Code    22  clib_arm.o(i._mutex_acquire)
    _mutex_free                              0x08001371   Thumb Code    46  clib_arm.o(i._mutex_free)
    _mutex_initialize                        0x080013a5   Thumb Code    86  clib_arm.o(i._mutex_initialize)
    _mutex_release                           0x08001405   Thumb Code    24  clib_arm.o(i._mutex_release)
    _platform_post_stackheap_init            0x0800141d   Thumb Code     2  clib_arm.o(i._platform_post_stackheap_init)
    main                                     0x08001421   Thumb Code    88  main.o(i.main)
    map                                      0x08001499   Thumb Code    22  main.o(i.map)
    pvPortMalloc                             0x08001e25   Thumb Code   228  heap_4.o(i.pvPortMalloc)
    pvTaskIncrementMutexHeldCount            0x08001f21   Thumb Code    26  tasks.o(i.pvTaskIncrementMutexHeldCount)
    pxPortInitialiseStack                    0x08001f41   Thumb Code    30  port.o(i.pxPortInitialiseStack)
    uxListRemove                             0x08001f65   Thumb Code    40  list.o(i.uxListRemove)
    vApplicationGetIdleTaskMemory            0x08001f8d   Thumb Code    14  cmsis_os2.o(i.vApplicationGetIdleTaskMemory)
    vApplicationGetTimerTaskMemory           0x08001fa5   Thumb Code    14  cmsis_os2.o(i.vApplicationGetTimerTaskMemory)
    vApplicationStackOverflowHook            0x08001fbd   Thumb Code     2  cmsis_os2.o(i.vApplicationStackOverflowHook)
    vListInitialise                          0x08001fbf   Thumb Code    26  list.o(i.vListInitialise)
    vListInitialiseItem                      0x08001fd9   Thumb Code     6  list.o(i.vListInitialiseItem)
    vListInsert                              0x08001fdf   Thumb Code    52  list.o(i.vListInsert)
    vPortEnterCritical                       0x08002015   Thumb Code    30  port.o(i.vPortEnterCritical)
    vPortExitCritical                        0x08002039   Thumb Code    28  port.o(i.vPortExitCritical)
    vPortFree                                0x08002059   Thumb Code    74  heap_4.o(i.vPortFree)
    vPortSetupTimerInterrupt                 0x080020b1   Thumb Code    36  port.o(i.vPortSetupTimerInterrupt)
    vQueueDelete                             0x080020d9   Thumb Code    20  queue.o(i.vQueueDelete)
    vQueueWaitForMessageRestricted           0x080020ed   Thumb Code    74  queue.o(i.vQueueWaitForMessageRestricted)
    vTaskDelay                               0x08002139   Thumb Code    46  tasks.o(i.vTaskDelay)
    vTaskInternalSetTimeOutState             0x0800216d   Thumb Code    14  tasks.o(i.vTaskInternalSetTimeOutState)
    vTaskMissedYield                         0x08002185   Thumb Code     8  tasks.o(i.vTaskMissedYield)
    vTaskPlaceOnEventList                    0x08002191   Thumb Code    28  tasks.o(i.vTaskPlaceOnEventList)
    vTaskPlaceOnEventListRestricted          0x080021b1   Thumb Code    70  tasks.o(i.vTaskPlaceOnEventListRestricted)
    vTaskPriorityDisinheritAfterTimeout      0x080021fd   Thumb Code   182  tasks.o(i.vTaskPriorityDisinheritAfterTimeout)
    vTaskStartScheduler                      0x080022bd   Thumb Code   124  tasks.o(i.vTaskStartScheduler)
    vTaskSuspendAll                          0x08002359   Thumb Code    12  tasks.o(i.vTaskSuspendAll)
    vTaskSwitchContext                       0x08002369   Thumb Code   154  tasks.o(i.vTaskSwitchContext)
    xPortStartScheduler                      0x08002419   Thumb Code    42  port.o(i.xPortStartScheduler)
    xPortSysTickHandler                      0x0800244d   Thumb Code    46  port.o(i.xPortSysTickHandler)
    xQueueCreateMutex                        0x08002481   Thumb Code    34  queue.o(i.xQueueCreateMutex)
    xQueueCreateMutexStatic                  0x080024a3   Thumb Code    42  queue.o(i.xQueueCreateMutexStatic)
    xQueueGenericCreate                      0x080024cd   Thumb Code    82  queue.o(i.xQueueGenericCreate)
    xQueueGenericCreateStatic                0x0800251f   Thumb Code    62  queue.o(i.xQueueGenericCreateStatic)
    xQueueGenericReset                       0x0800255d   Thumb Code   156  queue.o(i.xQueueGenericReset)
    xQueueGenericSend                        0x080025fd   Thumb Code   276  queue.o(i.xQueueGenericSend)
    xQueueReceive                            0x08002715   Thumb Code   256  queue.o(i.xQueueReceive)
    xQueueSemaphoreTake                      0x08002819   Thumb Code   300  queue.o(i.xQueueSemaphoreTake)
    xTaskCheckForTimeOut                     0x08002949   Thumb Code    88  tasks.o(i.xTaskCheckForTimeOut)
    xTaskCreate                              0x080029a9   Thumb Code   100  tasks.o(i.xTaskCreate)
    xTaskCreateStatic                        0x08002a0d   Thumb Code    78  tasks.o(i.xTaskCreateStatic)
    xTaskGetSchedulerState                   0x08002a5d   Thumb Code    24  tasks.o(i.xTaskGetSchedulerState)
    xTaskGetTickCount                        0x08002a7d   Thumb Code     6  tasks.o(i.xTaskGetTickCount)
    xTaskIncrementTick                       0x08002a89   Thumb Code   354  tasks.o(i.xTaskIncrementTick)
    xTaskPriorityDisinherit                  0x08002c19   Thumb Code   138  tasks.o(i.xTaskPriorityDisinherit)
    xTaskPriorityInherit                     0x08002cad   Thumb Code   202  tasks.o(i.xTaskPriorityInherit)
    xTaskRemoveFromEventList                 0x08002d85   Thumb Code   238  tasks.o(i.xTaskRemoveFromEventList)
    xTaskResumeAll                           0x08002e8d   Thumb Code   308  tasks.o(i.xTaskResumeAll)
    xTimerCreateTimerTask                    0x08002fe5   Thumb Code    76  timers.o(i.xTimerCreateTimerTask)
    Region$$Table$$Base                      0x08003044   Number         0  anon$$obj.o(Region$$Table)
    Region$$Table$$Limit                     0x08003064   Number         0  anon$$obj.o(Region$$Table)
    ADC_ARRAY                                0x20000004   Data           8  main.o(.data)
    xQueue                                   0x2000000c   Data           4  main.o(.data)
    temp                                     0x20000010   Data           1  dht11.o(.data)
    humi                                     0x20000011   Data           1  dht11.o(.data)
    __stdout                                 0x20000014   Data           4  uart.o(.data)
    Flag1_Receive                            0x20000018   Data           1  uart.o(.data)
    Count1_Data                              0x20000019   Data           1  uart.o(.data)
    Flag2_Receive                            0x2000001a   Data           1  uart.o(.data)
    Count2_Data                              0x2000001b   Data           1  uart.o(.data)
    Flag3_Receive                            0x2000001c   Data           1  uart.o(.data)
    Count3_Data                              0x2000001d   Data           1  uart.o(.data)
    SystemCoreClock                          0x20000020   Data           4  system_stm32f10x.o(.data)
    AHBPrescTable                            0x20000024   Data          16  system_stm32f10x.o(.data)
    pxCurrentTCB                             0x20000058   Data           4  tasks.o(.data)
    uxTopUsedPriority                        0x20000090   Data           4  tasks.o(.data)
    Array1_Receive                           0x200000ac   Data          20  uart.o(.bss)
    Array2_Receive                           0x200000c0   Data          20  uart.o(.bss)
    Array3_Receive                           0x200000d4   Data          20  uart.o(.bss)
    __libspace_start                         0x20002e00   Data          96  libspace.o(.bss)
    __temporary_stack_top$libspace           0x20002e60   Data           0  libspace.o(.bss)



==============================================================================

Memory Map of the image

  Image Entry point : 0x08000231

  Load Region LR_1 (Base: 0x08000000, Size: 0x00003110, Max: 0xffffffff, ABSOLUTE)

    Execution Region ER_RO (Exec base: 0x08000000, Load base: 0x08000000, Size: 0x00003064, Max: 0xffffffff, ABSOLUTE)

    Exec Addr    Load Addr    Size         Type   Attr      Idx    E Section Name        Object

    0x08000000   0x08000000   0x000000ec   Data   RO         2164    RESET               startup_stm32f10x_md.o
    0x080000ec   0x080000ec   0x00000008   Code   RO         3414  * !!!main             c_w.l(__main.o)
    0x080000f4   0x080000f4   0x00000034   Code   RO         3586    !!!scatter          c_w.l(__scatter.o)
    0x08000128   0x08000128   0x0000001a   Code   RO         3588    !!handler_copy      c_w.l(__scatter_copy.o)
    0x08000142   0x08000142   0x00000002   PAD
    0x08000144   0x08000144   0x0000001c   Code   RO         3590    !!handler_zi        c_w.l(__scatter_zi.o)
    0x08000160   0x08000160   0x00000000   Code   RO         3407    .ARM.Collect$$_printf_percent$$00000000  c_w.l(_printf_percent.o)
    0x08000160   0x08000160   0x00000006   Code   RO         3406    .ARM.Collect$$_printf_percent$$00000009  c_w.l(_printf_d.o)
    0x08000166   0x08000166   0x00000004   Code   RO         3423    .ARM.Collect$$_printf_percent$$00000017  c_w.l(_printf_percent_end.o)
    0x0800016a   0x0800016a   0x00000002   Code   RO         3454    .ARM.Collect$$libinit$$00000000  c_w.l(libinit.o)
    0x0800016c   0x0800016c   0x00000000   Code   RO         3461    .ARM.Collect$$libinit$$00000002  c_w.l(libinit2.o)
    0x0800016c   0x0800016c   0x00000000   Code   RO         3463    .ARM.Collect$$libinit$$00000004  c_w.l(libinit2.o)
    0x0800016c   0x0800016c   0x00000000   Code   RO         3466    .ARM.Collect$$libinit$$0000000A  c_w.l(libinit2.o)
    0x0800016c   0x0800016c   0x00000000   Code   RO         3468    .ARM.Collect$$libinit$$0000000C  c_w.l(libinit2.o)
    0x0800016c   0x0800016c   0x00000000   Code   RO         3470    .ARM.Collect$$libinit$$0000000E  c_w.l(libinit2.o)
    0x0800016c   0x0800016c   0x00000000   Code   RO         3473    .ARM.Collect$$libinit$$00000011  c_w.l(libinit2.o)
    0x0800016c   0x0800016c   0x00000000   Code   RO         3475    .ARM.Collect$$libinit$$00000013  c_w.l(libinit2.o)
    0x0800016c   0x0800016c   0x00000000   Code   RO         3477    .ARM.Collect$$libinit$$00000015  c_w.l(libinit2.o)
    0x0800016c   0x0800016c   0x00000000   Code   RO         3479    .ARM.Collect$$libinit$$00000017  c_w.l(libinit2.o)
    0x0800016c   0x0800016c   0x00000000   Code   RO         3481    .ARM.Collect$$libinit$$00000019  c_w.l(libinit2.o)
    0x0800016c   0x0800016c   0x00000000   Code   RO         3483    .ARM.Collect$$libinit$$0000001B  c_w.l(libinit2.o)
    0x0800016c   0x0800016c   0x00000000   Code   RO         3485    .ARM.Collect$$libinit$$0000001D  c_w.l(libinit2.o)
    0x0800016c   0x0800016c   0x00000000   Code   RO         3487    .ARM.Collect$$libinit$$0000001F  c_w.l(libinit2.o)
    0x0800016c   0x0800016c   0x00000000   Code   RO         3489    .ARM.Collect$$libinit$$00000021  c_w.l(libinit2.o)
    0x0800016c   0x0800016c   0x00000000   Code   RO         3491    .ARM.Collect$$libinit$$00000023  c_w.l(libinit2.o)
    0x0800016c   0x0800016c   0x00000000   Code   RO         3493    .ARM.Collect$$libinit$$00000025  c_w.l(libinit2.o)
    0x0800016c   0x0800016c   0x00000000   Code   RO         3497    .ARM.Collect$$libinit$$0000002C  c_w.l(libinit2.o)
    0x0800016c   0x0800016c   0x00000000   Code   RO         3499    .ARM.Collect$$libinit$$0000002E  c_w.l(libinit2.o)
    0x0800016c   0x0800016c   0x00000000   Code   RO         3501    .ARM.Collect$$libinit$$00000030  c_w.l(libinit2.o)
    0x0800016c   0x0800016c   0x00000000   Code   RO         3503    .ARM.Collect$$libinit$$00000032  c_w.l(libinit2.o)
    0x0800016c   0x0800016c   0x00000002   Code   RO         3504    .ARM.Collect$$libinit$$00000033  c_w.l(libinit2.o)
    0x0800016e   0x0800016e   0x00000002   Code   RO         3524    .ARM.Collect$$libshutdown$$00000000  c_w.l(libshutdown.o)
    0x08000170   0x08000170   0x00000000   Code   RO         3537    .ARM.Collect$$libshutdown$$00000002  c_w.l(libshutdown2.o)
    0x08000170   0x08000170   0x00000000   Code   RO         3539    .ARM.Collect$$libshutdown$$00000004  c_w.l(libshutdown2.o)
    0x08000170   0x08000170   0x00000000   Code   RO         3541    .ARM.Collect$$libshutdown$$00000006  c_w.l(libshutdown2.o)
    0x08000170   0x08000170   0x00000000   Code   RO         3544    .ARM.Collect$$libshutdown$$00000009  c_w.l(libshutdown2.o)
    0x08000170   0x08000170   0x00000000   Code   RO         3547    .ARM.Collect$$libshutdown$$0000000C  c_w.l(libshutdown2.o)
    0x08000170   0x08000170   0x00000000   Code   RO         3549    .ARM.Collect$$libshutdown$$0000000E  c_w.l(libshutdown2.o)
    0x08000170   0x08000170   0x00000000   Code   RO         3552    .ARM.Collect$$libshutdown$$00000011  c_w.l(libshutdown2.o)
    0x08000170   0x08000170   0x00000002   Code   RO         3553    .ARM.Collect$$libshutdown$$00000012  c_w.l(libshutdown2.o)
    0x08000172   0x08000172   0x00000000   Code   RO         3416    .ARM.Collect$$rtentry$$00000000  c_w.l(__rtentry.o)
    0x08000172   0x08000172   0x00000000   Code   RO         3429    .ARM.Collect$$rtentry$$00000002  c_w.l(__rtentry2.o)
    0x08000172   0x08000172   0x00000006   Code   RO         3441    .ARM.Collect$$rtentry$$00000004  c_w.l(__rtentry4.o)
    0x08000178   0x08000178   0x00000008   Code   RO         3430    .ARM.Collect$$rtentry$$00000008  c_w.l(__rtentry2.o)
    0x08000180   0x08000180   0x00000004   Code   RO         3432    .ARM.Collect$$rtentry$$0000000A  c_w.l(__rtentry2.o)
    0x08000184   0x08000184   0x00000000   Code   RO         3434    .ARM.Collect$$rtentry$$0000000C  c_w.l(__rtentry2.o)
    0x08000184   0x08000184   0x00000008   Code   RO         3435    .ARM.Collect$$rtentry$$0000000D  c_w.l(__rtentry2.o)
    0x0800018c   0x0800018c   0x00000002   Code   RO         3458    .ARM.Collect$$rtexit$$00000000  c_w.l(rtexit.o)
    0x0800018e   0x0800018e   0x00000000   Code   RO         3506    .ARM.Collect$$rtexit$$00000002  c_w.l(rtexit2.o)
    0x0800018e   0x0800018e   0x00000004   Code   RO         3507    .ARM.Collect$$rtexit$$00000003  c_w.l(rtexit2.o)
    0x08000192   0x08000192   0x00000006   Code   RO         3508    .ARM.Collect$$rtexit$$00000004  c_w.l(rtexit2.o)
    0x08000198   0x08000198   0x00000096   Code   RO         2482    .emb_text           port.o
    0x0800022e   0x0800022e   0x00000002   PAD
    0x08000230   0x08000230   0x00000040   Code   RO         2165  * .text               startup_stm32f10x_md.o
    0x08000270   0x08000270   0x00000028   Code   RO         3380    .text               c_w.l(noretval__2sprintf.o)
    0x08000298   0x08000298   0x00000068   Code   RO         3382    .text               c_w.l(__printf.o)
    0x08000300   0x08000300   0x00000078   Code   RO         3384    .text               c_w.l(_printf_dec.o)
    0x08000378   0x08000378   0x0000008a   Code   RO         3408    .text               c_w.l(rt_memcpy_v6.o)
    0x08000402   0x08000402   0x00000010   Code   RO         3410    .text               c_w.l(aeabi_memset.o)
    0x08000412   0x08000412   0x00000006   Code   RO         3412    .text               c_w.l(heapauxi.o)
    0x08000418   0x08000418   0x000000b2   Code   RO         3417    .text               c_w.l(_printf_intcommon.o)
    0x080004ca   0x080004ca   0x00000002   PAD
    0x080004cc   0x080004cc   0x00000030   Code   RO         3419    .text               c_w.l(_printf_char_common.o)
    0x080004fc   0x080004fc   0x0000000a   Code   RO         3421    .text               c_w.l(_sputc.o)
    0x08000506   0x08000506   0x00000064   Code   RO         3424    .text               c_w.l(rt_memcpy_w.o)
    0x0800056a   0x0800056a   0x00000044   Code   RO         3426    .text               c_w.l(rt_memclr.o)
    0x080005ae   0x080005ae   0x0000004e   Code   RO         3445    .text               c_w.l(rt_memclr_w.o)
    0x080005fc   0x080005fc   0x0000004a   Code   RO         3447    .text               c_w.l(sys_stackheap_outer.o)
    0x08000646   0x08000646   0x00000012   Code   RO         3449    .text               c_w.l(exit.o)
    0x08000658   0x08000658   0x00000008   Code   RO         3455    .text               c_w.l(libspace.o)
    0x08000660   0x08000660   0x0000000c   Code   RO         3516    .text               c_w.l(sys_exit.o)
    0x0800066c   0x0800066c   0x00000002   Code   RO         3527    .text               c_w.l(use_no_semi.o)
    0x0800066e   0x0800066e   0x00000000   Code   RO         3529    .text               c_w.l(indicate_semi.o)
    0x0800066e   0x0800066e   0x00000016   Code   RO         1200    i.ADC_AutoInjectedConvCmd  stm32f10x_adc.o
    0x08000684   0x08000684   0x00000016   Code   RO         1203    i.ADC_Cmd           stm32f10x_adc.o
    0x0800069a   0x0800069a   0x00000010   Code   RO         1210    i.ADC_ExternalTrigInjectedConvConfig  stm32f10x_adc.o
    0x080006aa   0x080006aa   0x00000014   Code   RO         1211    i.ADC_GetCalibrationStatus  stm32f10x_adc.o
    0x080006be   0x080006be   0x0000001c   Code   RO         1216    i.ADC_GetInjectedConversionValue  stm32f10x_adc.o
    0x080006da   0x080006da   0x00000014   Code   RO         1217    i.ADC_GetResetCalibrationStatus  stm32f10x_adc.o
    0x080006ee   0x080006ee   0x00000002   PAD
    0x080006f0   0x080006f0   0x00000050   Code   RO         1221    i.ADC_Init          stm32f10x_adc.o
    0x08000740   0x08000740   0x000000cc   Code   RO          126    i.ADC_Inits         main.o
    0x0800080c   0x0800080c   0x00000082   Code   RO         1222    i.ADC_InjectedChannelConfig  stm32f10x_adc.o
    0x0800088e   0x0800088e   0x00000018   Code   RO         1224    i.ADC_InjectedSequencerLengthConfig  stm32f10x_adc.o
    0x080008a6   0x080008a6   0x0000000a   Code   RO         1226    i.ADC_ResetCalibration  stm32f10x_adc.o
    0x080008b0   0x080008b0   0x00000016   Code   RO         1229    i.ADC_SoftwareStartInjectedConvCmd  stm32f10x_adc.o
    0x080008c6   0x080008c6   0x0000000a   Code   RO         1230    i.ADC_StartCalibration  stm32f10x_adc.o
    0x080008d0   0x080008d0   0x0000006c   Code   RO          260    i.DHT11_Check       dht11.o
    0x0800093c   0x0800093c   0x0000003c   Code   RO          261    i.DHT11_Init        dht11.o
    0x08000978   0x08000978   0x0000000c   Code   RO          262    i.DHT11_ReadHumi    dht11.o
    0x08000984   0x08000984   0x0000000c   Code   RO          263    i.DHT11_ReadTemp    dht11.o
    0x08000990   0x08000990   0x00000058   Code   RO          264    i.DHT11_Read_Bit    dht11.o
    0x080009e8   0x080009e8   0x00000020   Code   RO          265    i.DHT11_Read_Byte   dht11.o
    0x08000a08   0x08000a08   0x00000064   Code   RO          266    i.DHT11_Read_Data   dht11.o
    0x08000a6c   0x08000a6c   0x0000003c   Code   RO          267    i.DHT11_Rst         dht11.o
    0x08000aa8   0x08000aa8   0x0000001e   Code   RO          268    i.Delayms           dht11.o
    0x08000ac6   0x08000ac6   0x0000001a   Code   RO          269    i.Delayus           dht11.o
    0x08000ae0   0x08000ae0   0x00000040   Code   RO            4    i.Fn_DELAY_Init     delay.o
    0x08000b20   0x08000b20   0x00000116   Code   RO         1521    i.GPIO_Init         stm32f10x_gpio.o
    0x08000c36   0x08000c36   0x0000000a   Code   RO         1532    i.GPIO_WriteBit     stm32f10x_gpio.o
    0x08000c40   0x08000c40   0x00000078   Code   RO          342    i.INIT_UART_1       uart.o
    0x08000cb8   0x08000cb8   0x00000078   Code   RO          343    i.INIT_UART_2       uart.o
    0x08000d30   0x08000d30   0x00000018   Code   RO         1695    i.RCC_ADCCLKConfig  stm32f10x_rcc.o
    0x08000d48   0x08000d48   0x00000020   Code   RO         1699    i.RCC_APB2PeriphClockCmd  stm32f10x_rcc.o
    0x08000d68   0x08000d68   0x00000040   Code   RO          127    i.Relay_Inits       main.o
    0x08000da8   0x08000da8   0x0000002e   Code   RO          128    i.SYS_Init          main.o
    0x08000dd6   0x08000dd6   0x00000008   Code   RO         2172    i.SetSysClock       system_stm32f10x.o
    0x08000dde   0x08000dde   0x00000002   PAD
    0x08000de0   0x08000de0   0x000000e0   Code   RO         2173    i.SetSysClockTo72   system_stm32f10x.o
    0x08000ec0   0x08000ec0   0x00000016   Code   RO          543    i.SysTick_Handler   cmsis_os2.o
    0x08000ed6   0x08000ed6   0x00000002   PAD
    0x08000ed8   0x08000ed8   0x000000a4   Code   RO         2174    i.SystemCoreClockUpdate  system_stm32f10x.o
    0x08000f7c   0x08000f7c   0x00000060   Code   RO         2175    i.SystemInit        system_stm32f10x.o
    0x08000fdc   0x08000fdc   0x000000c4   Code   RO          129    i.TaskGetControl    main.o
    0x080010a0   0x080010a0   0x000000dc   Code   RO          131    i.TaskReadSensor    main.o
    0x0800117c   0x0800117c   0x00000054   Code   RO          132    i.TaskSendSensor    main.o
    0x080011d0   0x080011d0   0x0000001c   Code   RO          346    i.UART1_SendChar    uart.o
    0x080011ec   0x080011ec   0x00000016   Code   RO          347    i.UART1_SendString  uart.o
    0x08001202   0x08001202   0x00000002   PAD
    0x08001204   0x08001204   0x00000020   Code   RO          349    i.UART2_SendChar    uart.o
    0x08001224   0x08001224   0x00000016   Code   RO          350    i.UART2_SendString  uart.o
    0x0800123a   0x0800123a   0x00000002   PAD
    0x0800123c   0x0800123c   0x00000054   Code   RO          353    i.USART1_IRQHandler  uart.o
    0x08001290   0x08001290   0x00000054   Code   RO          354    i.USART2_IRQHandler  uart.o
    0x080012e4   0x080012e4   0x00000054   Code   RO          355    i.USART3_IRQHandler  uart.o
    0x08001338   0x08001338   0x00000022   Code   RO          356    i.__NVIC_EnableIRQ  uart.o
    0x0800135a   0x0800135a   0x00000016   Code   RO          479    i._mutex_acquire    clib_arm.o
    0x08001370   0x08001370   0x00000034   Code   RO          480    i._mutex_free       clib_arm.o
    0x080013a4   0x080013a4   0x00000060   Code   RO          481    i._mutex_initialize  clib_arm.o
    0x08001404   0x08001404   0x00000018   Code   RO          482    i._mutex_release    clib_arm.o
    0x0800141c   0x0800141c   0x00000002   Code   RO          483    i._platform_post_stackheap_init  clib_arm.o
    0x0800141e   0x0800141e   0x00000002   PAD
    0x08001420   0x08001420   0x00000078   Code   RO          133    i.main              main.o
    0x08001498   0x08001498   0x00000016   Code   RO          134    i.map               main.o
    0x080014ae   0x080014ae   0x00000012   Code   RO          484    i.os_kernel_is_active  clib_arm.o
    0x080014c0   0x080014c0   0x000000a4   Code   RO         2802    i.prvAddCurrentTaskToDelayedList  tasks.o
    0x08001564   0x08001564   0x000000e8   Code   RO         2803    i.prvAddNewTaskToReadyList  tasks.o
    0x0800164c   0x0800164c   0x0000005c   Code   RO         3199    i.prvCheckForValidListAndQueue  timers.o
    0x080016a8   0x080016a8   0x00000048   Code   RO         2804    i.prvCheckTasksWaitingTermination  tasks.o
    0x080016f0   0x080016f0   0x0000002a   Code   RO         2565    i.prvCopyDataFromQueue  queue.o
    0x0800171a   0x0800171a   0x0000007e   Code   RO         2566    i.prvCopyDataToQueue  queue.o
    0x08001798   0x08001798   0x00000028   Code   RO         2805    i.prvDeleteTCB      tasks.o
    0x080017c0   0x080017c0   0x00000014   Code   RO         2567    i.prvGetDisinheritPriorityAfterTimeout  queue.o
    0x080017d4   0x080017d4   0x00000028   Code   RO         3200    i.prvGetNextExpireTime  timers.o
    0x080017fc   0x080017fc   0x0000007c   Code   RO         2415    i.prvHeapInit       heap_4.o
    0x08001878   0x08001878   0x00000028   Code   RO         2806    i.prvIdleTask       tasks.o
    0x080018a0   0x080018a0   0x0000001e   Code   RO         2568    i.prvInitialiseMutex  queue.o
    0x080018be   0x080018be   0x0000002a   Code   RO         2569    i.prvInitialiseNewQueue  queue.o
    0x080018e8   0x080018e8   0x0000009a   Code   RO         2807    i.prvInitialiseNewTask  tasks.o
    0x08001982   0x08001982   0x00000002   PAD
    0x08001984   0x08001984   0x00000068   Code   RO         2808    i.prvInitialiseTaskLists  tasks.o
    0x080019ec   0x080019ec   0x00000068   Code   RO         2416    i.prvInsertBlockIntoFreeList  heap_4.o
    0x08001a54   0x08001a54   0x00000058   Code   RO         3202    i.prvInsertTimerInActiveList  timers.o
    0x08001aac   0x08001aac   0x0000001a   Code   RO         2570    i.prvIsQueueEmpty   queue.o
    0x08001ac6   0x08001ac6   0x0000001e   Code   RO         2571    i.prvIsQueueFull    queue.o
    0x08001ae4   0x08001ae4   0x00000044   Code   RO         3203    i.prvProcessExpiredTimer  timers.o
    0x08001b28   0x08001b28   0x00000110   Code   RO         3204    i.prvProcessReceivedCommands  timers.o
    0x08001c38   0x08001c38   0x00000074   Code   RO         3205    i.prvProcessTimerOrBlockTask  timers.o
    0x08001cac   0x08001cac   0x00000028   Code   RO         3206    i.prvReloadTimer    timers.o
    0x08001cd4   0x08001cd4   0x00000030   Code   RO         2810    i.prvResetNextTaskUnblockTime  tasks.o
    0x08001d04   0x08001d04   0x0000002c   Code   RO         3207    i.prvSampleTimeNow  timers.o
    0x08001d30   0x08001d30   0x00000044   Code   RO         3208    i.prvSwitchTimerLists  timers.o
    0x08001d74   0x08001d74   0x00000016   Code   RO         2483    i.prvTaskExitError  port.o
    0x08001d8a   0x08001d8a   0x0000001a   Code   RO         3209    i.prvTimerTask      timers.o
    0x08001da4   0x08001da4   0x0000007e   Code   RO         2572    i.prvUnlockQueue    queue.o
    0x08001e22   0x08001e22   0x00000002   PAD
    0x08001e24   0x08001e24   0x000000fc   Code   RO         2417    i.pvPortMalloc      heap_4.o
    0x08001f20   0x08001f20   0x00000020   Code   RO         2813    i.pvTaskIncrementMutexHeldCount  tasks.o
    0x08001f40   0x08001f40   0x00000024   Code   RO         2484    i.pxPortInitialiseStack  port.o
    0x08001f64   0x08001f64   0x00000028   Code   RO         2364    i.uxListRemove      list.o
    0x08001f8c   0x08001f8c   0x00000018   Code   RO          616    i.vApplicationGetIdleTaskMemory  cmsis_os2.o
    0x08001fa4   0x08001fa4   0x00000018   Code   RO          617    i.vApplicationGetTimerTaskMemory  cmsis_os2.o
    0x08001fbc   0x08001fbc   0x00000002   Code   RO          618    i.vApplicationStackOverflowHook  cmsis_os2.o
    0x08001fbe   0x08001fbe   0x0000001a   Code   RO         2365    i.vListInitialise   list.o
    0x08001fd8   0x08001fd8   0x00000006   Code   RO         2366    i.vListInitialiseItem  list.o
    0x08001fde   0x08001fde   0x00000034   Code   RO         2367    i.vListInsert       list.o
    0x08002012   0x08002012   0x00000002   PAD
    0x08002014   0x08002014   0x00000024   Code   RO         2486    i.vPortEnterCritical  port.o
    0x08002038   0x08002038   0x00000020   Code   RO         2487    i.vPortExitCritical  port.o
    0x08002058   0x08002058   0x00000058   Code   RO         2418    i.vPortFree         heap_4.o
    0x080020b0   0x080020b0   0x00000028   Code   RO         2488    i.vPortSetupTimerInterrupt  port.o
    0x080020d8   0x080020d8   0x00000014   Code   RO         2578    i.vQueueDelete      queue.o
    0x080020ec   0x080020ec   0x0000004a   Code   RO         2580    i.vQueueWaitForMessageRestricted  queue.o
    0x08002136   0x08002136   0x00000002   PAD
    0x08002138   0x08002138   0x00000034   Code   RO         2823    i.vTaskDelay        tasks.o
    0x0800216c   0x0800216c   0x00000018   Code   RO         2828    i.vTaskInternalSetTimeOutState  tasks.o
    0x08002184   0x08002184   0x0000000c   Code   RO         2829    i.vTaskMissedYield  tasks.o
    0x08002190   0x08002190   0x00000020   Code   RO         2830    i.vTaskPlaceOnEventList  tasks.o
    0x080021b0   0x080021b0   0x0000004c   Code   RO         2831    i.vTaskPlaceOnEventListRestricted  tasks.o
    0x080021fc   0x080021fc   0x000000c0   Code   RO         2833    i.vTaskPriorityDisinheritAfterTimeout  tasks.o
    0x080022bc   0x080022bc   0x0000009c   Code   RO         2839    i.vTaskStartScheduler  tasks.o
    0x08002358   0x08002358   0x00000010   Code   RO         2841    i.vTaskSuspendAll   tasks.o
    0x08002368   0x08002368   0x000000b0   Code   RO         2842    i.vTaskSwitchContext  tasks.o
    0x08002418   0x08002418   0x00000034   Code   RO         2489    i.xPortStartScheduler  port.o
    0x0800244c   0x0800244c   0x00000034   Code   RO         2490    i.xPortSysTickHandler  port.o
    0x08002480   0x08002480   0x00000022   Code   RO         2583    i.xQueueCreateMutex  queue.o
    0x080024a2   0x080024a2   0x0000002a   Code   RO         2584    i.xQueueCreateMutexStatic  queue.o
    0x080024cc   0x080024cc   0x00000052   Code   RO         2585    i.xQueueGenericCreate  queue.o
    0x0800251e   0x0800251e   0x0000003e   Code   RO         2586    i.xQueueGenericCreateStatic  queue.o
    0x0800255c   0x0800255c   0x000000a0   Code   RO         2587    i.xQueueGenericReset  queue.o
    0x080025fc   0x080025fc   0x00000118   Code   RO         2588    i.xQueueGenericSend  queue.o
    0x08002714   0x08002714   0x00000104   Code   RO         2598    i.xQueueReceive     queue.o
    0x08002818   0x08002818   0x00000130   Code   RO         2600    i.xQueueSemaphoreTake  queue.o
    0x08002948   0x08002948   0x00000060   Code   RO         2844    i.xTaskCheckForTimeOut  tasks.o
    0x080029a8   0x080029a8   0x00000064   Code   RO         2845    i.xTaskCreate       tasks.o
    0x08002a0c   0x08002a0c   0x0000004e   Code   RO         2846    i.xTaskCreateStatic  tasks.o
    0x08002a5a   0x08002a5a   0x00000002   PAD
    0x08002a5c   0x08002a5c   0x00000020   Code   RO         2853    i.xTaskGetSchedulerState  tasks.o
    0x08002a7c   0x08002a7c   0x0000000c   Code   RO         2854    i.xTaskGetTickCount  tasks.o
    0x08002a88   0x08002a88   0x00000190   Code   RO         2856    i.xTaskIncrementTick  tasks.o
    0x08002c18   0x08002c18   0x00000094   Code   RO         2857    i.xTaskPriorityDisinherit  tasks.o
    0x08002cac   0x08002cac   0x000000d8   Code   RO         2858    i.xTaskPriorityInherit  tasks.o
    0x08002d84   0x08002d84   0x00000108   Code   RO         2859    i.xTaskRemoveFromEventList  tasks.o
    0x08002e8c   0x08002e8c   0x00000158   Code   RO         2860    i.xTaskResumeAll    tasks.o
    0x08002fe4   0x08002fe4   0x00000060   Code   RO         3218    i.xTimerCreateTimerTask  timers.o
    0x08003044   0x08003044   0x00000020   Data   RO         3584    Region$$Table       anon$$obj.o


    Execution Region ER_RW (Exec base: 0x20000000, Load base: 0x08003064, Size: 0x000000ac, Max: 0xffffffff, ABSOLUTE)

    Exec Addr    Load Addr    Size         Type   Attr      Idx    E Section Name        Object

    0x20000000   0x08003064   0x00000004   Data   RW            9    .data               delay.o
    0x20000004   0x08003068   0x0000000c   Data   RW          135    .data               main.o
    0x20000010   0x08003074   0x00000002   Data   RW          270    .data               dht11.o
    0x20000012   0x08003076   0x00000002   PAD
    0x20000014   0x08003078   0x0000000a   Data   RW          359    .data               uart.o
    0x2000001e   0x08003082   0x00000002   PAD
    0x20000020   0x08003084   0x00000014   Data   RW         2176    .data               system_stm32f10x.o
    0x20000034   0x08003098   0x00000020   Data   RW         2424    .data               heap_4.o
    0x20000054   0x080030b8   0x00000004   Data   RW         2491    .data               port.o
    0x20000058   0x080030bc   0x00000040   Data   RW         2863    .data               tasks.o
    0x20000098   0x080030fc   0x00000014   Data   RW         3227    .data               timers.o


    Execution Region ER_ZI (Exec base: 0x200000ac, Load base: 0x08003110, Size: 0x000033b4, Max: 0xffffffff, ABSOLUTE)

    Exec Addr    Load Addr    Size         Type   Attr      Idx    E Section Name        Object

    0x200000ac        -       0x0000003c   Zero   RW          358    .bss                uart.o
    0x200000e8        -       0x00000394   Zero   RW          485    .bss                clib_arm.o
    0x2000047c        -       0x000003f8   Zero   RW          619    .bss                cmsis_os2.o
    0x20000874        -       0x00002000   Zero   RW         2423    .bss                heap_4.o
    0x20002874        -       0x000004c4   Zero   RW         2862    .bss                tasks.o
    0x20002d38        -       0x000000c8   Zero   RW         3226    .bss                timers.o
    0x20002e00        -       0x00000060   Zero   RW         3456    .bss                c_w.l(libspace.o)
    0x20002e60        -       0x00000200   Zero   RW         2163    HEAP                startup_stm32f10x_md.o
    0x20003060        -       0x00000400   Zero   RW         2162    STACK               startup_stm32f10x_md.o


==============================================================================

Image component sizes


      Code (inc. data)   RO Data    RW Data    ZI Data      Debug   Object Name

       214         16          0          0        916       4784   clib_arm.o
        72         20          0          0       1016      30415   cmsis_os2.o
        64          8          0          4          0     224756   delay.o
       528         44          0          2          0       4862   dht11.o
         0          0          0          0          0      11952   event_groups.o
       568         72          0         32       8192       4239   heap_4.o
       124          0          0          0          0      12237   list.o
       956        152          0         12          0      34568   main.o
       420         48          0          4          0       9284   port.o
      1760         16          0          0          0      18371   queue.o
        64         26        236          0       1536        784   startup_stm32f10x_md.o
       404         10          0          0          0      10353   stm32f10x_adc.o
       288          0          0          0          0       2824   stm32f10x_gpio.o
        56         12          0          0          0       1264   stm32f10x_rcc.o
       492         50          0         20          0       2717   system_stm32f10x.o
      3312        372          0         64       1220      45841   tasks.o
       950        110          0         20        200      11740   timers.o
       630         98          0         10         60       7161   uart.o

    ----------------------------------------------------------------------
     10926       1054        268        172      13140     438152   Object Totals
         0          0         32          0          0          0   (incl. Generated)
        24          0          0          4          0          0   (incl. Padding)

    ----------------------------------------------------------------------

      Code (inc. data)   RO Data    RW Data    ZI Data      Debug   Library Member Name

         8          0          0          0          0         68   __main.o
       104          0          0          0          0         84   __printf.o
         0          0          0          0          0          0   __rtentry.o
        20          0          0          0          0          0   __rtentry2.o
         6          0          0          0          0          0   __rtentry4.o
        52          8          0          0          0          0   __scatter.o
        26          0          0          0          0          0   __scatter_copy.o
        28          0          0          0          0          0   __scatter_zi.o
        48          6          0          0          0         96   _printf_char_common.o
         6          0          0          0          0          0   _printf_d.o
       120         16          0          0          0         92   _printf_dec.o
       178          0          0          0          0         88   _printf_intcommon.o
         0          0          0          0          0          0   _printf_percent.o
         4          0          0          0          0          0   _printf_percent_end.o
        10          0          0          0          0         68   _sputc.o
        16          0          0          0          0         68   aeabi_memset.o
        18          0          0          0          0         80   exit.o
         6          0          0          0          0        152   heapauxi.o
         0          0          0          0          0          0   indicate_semi.o
         2          0          0          0          0          0   libinit.o
         2          0          0          0          0          0   libinit2.o
         2          0          0          0          0          0   libshutdown.o
         2          0          0          0          0          0   libshutdown2.o
         8          4          0          0         96         68   libspace.o
        40          6          0          0          0         84   noretval__2sprintf.o
        68          0          0          0          0         68   rt_memclr.o
        78          0          0          0          0         80   rt_memclr_w.o
       138          0          0          0          0         68   rt_memcpy_v6.o
       100          0          0          0          0         80   rt_memcpy_w.o
         2          0          0          0          0          0   rtexit.o
        10          0          0          0          0          0   rtexit2.o
        12          4          0          0          0         68   sys_exit.o
        74          0          0          0          0         80   sys_stackheap_outer.o
         2          0          0          0          0         68   use_no_semi.o

    ----------------------------------------------------------------------
      1194         44          0          0         96       1460   Library Totals
         4          0          0          0          0          0   (incl. Padding)

    ----------------------------------------------------------------------

      Code (inc. data)   RO Data    RW Data    ZI Data      Debug   Library Name

      1190         44          0          0         96       1460   c_w.l

    ----------------------------------------------------------------------
      1194         44          0          0         96       1460   Library Totals

    ----------------------------------------------------------------------

==============================================================================


      Code (inc. data)   RO Data    RW Data    ZI Data      Debug   

     12120       1098        268        172      13236     432224   Grand Totals
     12120       1098        268        172      13236     432224   ELF Image Totals
     12120       1098        268        172          0          0   ROM Totals

==============================================================================

    Total RO  Size (Code + RO Data)                12388 (  12.10kB)
    Total RW  Size (RW Data + ZI Data)             13408 (  13.09kB)
    Total ROM Size (Code + RO Data + RW Data)      12560 (  12.27kB)

==============================================================================

